Component: ARM Compiler 5.06 update 7 (build 960) Tool: armlink [4d3601]

==============================================================================

Section Cross References

    startup_stm32f407xx.o(STACK) refers (Special) to heapauxi.o(.text) for __use_two_region_memory
    startup_stm32f407xx.o(HEAP) refers (Special) to heapauxi.o(.text) for __use_two_region_memory
    startup_stm32f407xx.o(RESET) refers (Special) to heapauxi.o(.text) for __use_two_region_memory
    startup_stm32f407xx.o(RESET) refers to startup_stm32f407xx.o(STACK) for __initial_sp
    startup_stm32f407xx.o(RESET) refers to startup_stm32f407xx.o(.text) for Reset_Handler
    startup_stm32f407xx.o(RESET) refers to stm32f4xx_it.o(i.NMI_Handler) for NMI_Handler
    startup_stm32f407xx.o(RESET) refers to stm32f4xx_it.o(i.HardFault_Handler) for HardFault_Handler
    startup_stm32f407xx.o(RESET) refers to stm32f4xx_it.o(i.MemManage_Handler) for MemManage_Handler
    startup_stm32f407xx.o(RESET) refers to stm32f4xx_it.o(i.BusFault_Handler) for BusFault_Handler
    startup_stm32f407xx.o(RESET) refers to stm32f4xx_it.o(i.UsageFault_Handler) for UsageFault_Handler
    startup_stm32f407xx.o(RESET) refers to port.o(.emb_text) for SVC_Handler
    startup_stm32f407xx.o(RESET) refers to stm32f4xx_it.o(i.DebugMon_Handler) for DebugMon_Handler
    startup_stm32f407xx.o(RESET) refers to stm32f4xx_it.o(i.SysTick_Handler) for SysTick_Handler
    startup_stm32f407xx.o(RESET) refers to stm32f4xx_it.o(i.EXTI0_IRQHandler) for EXTI0_IRQHandler
    startup_stm32f407xx.o(RESET) refers to stm32f4xx_it.o(i.DMA1_Stream1_IRQHandler) for DMA1_Stream1_IRQHandler
    startup_stm32f407xx.o(RESET) refers to stm32f4xx_it.o(i.CAN1_RX0_IRQHandler) for CAN1_RX0_IRQHandler
    startup_stm32f407xx.o(RESET) refers to stm32f4xx_it.o(i.USART1_IRQHandler) for USART1_IRQHandler
    startup_stm32f407xx.o(RESET) refers to stm32f4xx_it.o(i.TIM7_IRQHandler) for TIM7_IRQHandler
    startup_stm32f407xx.o(.text) refers (Special) to heapauxi.o(.text) for __use_two_region_memory
    startup_stm32f407xx.o(.text) refers to system_stm32f4xx.o(i.SystemInit) for SystemInit
    startup_stm32f407xx.o(.text) refers to __main.o(!!!main) for __main
    startup_stm32f407xx.o(.text) refers to startup_stm32f407xx.o(HEAP) for Heap_Mem
    startup_stm32f407xx.o(.text) refers to startup_stm32f407xx.o(STACK) for Stack_Mem
    main.o(i.SystemClock_Config) refers to rt_memclr_w.o(.text) for __aeabi_memclr4
    main.o(i.SystemClock_Config) refers to stm32f4xx_hal_rcc.o(i.HAL_RCC_OscConfig) for HAL_RCC_OscConfig
    main.o(i.SystemClock_Config) refers to stm32f4xx_hal_rcc.o(i.HAL_RCC_ClockConfig) for HAL_RCC_ClockConfig
    main.o(i.can_filter_init) refers to stm32f4xx_hal_can.o(i.HAL_CAN_ConfigFilter) for HAL_CAN_ConfigFilter
    main.o(i.can_filter_init) refers to stm32f4xx_hal_can.o(i.HAL_CAN_Start) for HAL_CAN_Start
    main.o(i.can_filter_init) refers to stm32f4xx_hal_can.o(i.HAL_CAN_ActivateNotification) for HAL_CAN_ActivateNotification
    main.o(i.can_filter_init) refers to can.o(.bss) for hcan1
    main.o(i.main) refers to stm32f4xx_hal.o(i.HAL_Init) for HAL_Init
    main.o(i.main) refers to main.o(i.SystemClock_Config) for SystemClock_Config
    main.o(i.main) refers to gpio.o(i.MX_GPIO_Init) for MX_GPIO_Init
    main.o(i.main) refers to dma.o(i.MX_DMA_Init) for MX_DMA_Init
    main.o(i.main) refers to tim.o(i.MX_TIM1_Init) for MX_TIM1_Init
    main.o(i.main) refers to can.o(i.MX_CAN1_Init) for MX_CAN1_Init
    main.o(i.main) refers to tim.o(i.MX_TIM7_Init) for MX_TIM7_Init
    main.o(i.main) refers to usart.o(i.MX_USART1_UART_Init) for MX_USART1_UART_Init
    main.o(i.main) refers to usart.o(i.MX_USART3_UART_Init) for MX_USART3_UART_Init
    main.o(i.main) refers to stm32f4xx_hal_tim.o(i.HAL_TIM_PWM_Start) for HAL_TIM_PWM_Start
    main.o(i.main) refers to stm32f4xx_hal_tim.o(i.HAL_TIM_Base_Start_IT) for HAL_TIM_Base_Start_IT
    main.o(i.main) refers to main.o(i.can_filter_init) for can_filter_init
    main.o(i.main) refers to stm32f4xx_hal_uart.o(i.HAL_UART_Receive_DMA) for HAL_UART_Receive_DMA
    main.o(i.main) refers to freertos.o(i.MX_FREERTOS_Init) for MX_FREERTOS_Init
    main.o(i.main) refers to cmsis_os.o(i.osKernelStart) for osKernelStart
    main.o(i.main) refers to tim.o(.bss) for htim1
    main.o(i.main) refers to main.o(.bss) for .bss
    main.o(i.main) refers to usart.o(.bss) for huart3
    gpio.o(i.MX_GPIO_Init) refers to rt_memclr_w.o(.text) for __aeabi_memclr4
    gpio.o(i.MX_GPIO_Init) refers to stm32f4xx_hal_gpio.o(i.HAL_GPIO_WritePin) for HAL_GPIO_WritePin
    gpio.o(i.MX_GPIO_Init) refers to stm32f4xx_hal_gpio.o(i.HAL_GPIO_Init) for HAL_GPIO_Init
    gpio.o(i.MX_GPIO_Init) refers to stm32f4xx_hal_cortex.o(i.HAL_NVIC_SetPriority) for HAL_NVIC_SetPriority
    gpio.o(i.MX_GPIO_Init) refers to stm32f4xx_hal_cortex.o(i.HAL_NVIC_EnableIRQ) for HAL_NVIC_EnableIRQ
    freertos.o(i.MX_FREERTOS_Init) refers to rt_memcpy_w.o(.text) for __aeabi_memcpy4
[...]
    UART_DMAReceiveCplt                      0x0800309b   Thumb Code   130  stm32f4xx_hal_uart.o(i.UART_DMAReceiveCplt)
    i.UART_DMARxHalfCplt                     0x0800311c   Section        0  stm32f4xx_hal_uart.o(i.UART_DMARxHalfCplt)
    UART_DMARxHalfCplt                       0x0800311d   Thumb Code    26  stm32f4xx_hal_uart.o(i.UART_DMARxHalfCplt)
    i.UART_EndRxTransfer                     0x08003136   Section        0  stm32f4xx_hal_uart.o(i.UART_EndRxTransfer)
    UART_EndRxTransfer                       0x08003137   Thumb Code    78  stm32f4xx_hal_uart.o(i.UART_EndRxTransfer)
    i.UART_EndTxTransfer                     0x08003184   Section        0  stm32f4xx_hal_uart.o(i.UART_EndTxTransfer)
    UART_EndTxTransfer                       0x08003185   Thumb Code    28  stm32f4xx_hal_uart.o(i.UART_EndTxTransfer)
    i.UART_Receive_IT                        0x080031a0   Section        0  stm32f4xx_hal_uart.o(i.UART_Receive_IT)
    UART_Receive_IT                          0x080031a1   Thumb Code   192  stm32f4xx_hal_uart.o(i.UART_Receive_IT)
    i.UART_SetConfig                         0x08003260   Section        0  stm32f4xx_hal_uart.o(i.UART_SetConfig)
    UART_SetConfig                           0x08003261   Thumb Code   258  stm32f4xx_hal_uart.o(i.UART_SetConfig)
    i.UART_Start_Receive_DMA                 0x0800336c   Section        0  stm32f4xx_hal_uart.o(i.UART_Start_Receive_DMA)
    i.UART_WaitOnFlagUntilTimeout            0x08003400   Section        0  stm32f4xx_hal_uart.o(i.UART_WaitOnFlagUntilTimeout)
    UART_WaitOnFlagUntilTimeout              0x08003401   Thumb Code   120  stm32f4xx_hal_uart.o(i.UART_WaitOnFlagUntilTimeout)
    i.USART1_IRQHandler                      0x08003478   Section        0  stm32f4xx_it.o(i.USART1_IRQHandler)
    i.UsageFault_Handler                     0x08003484   Section        0  stm32f4xx_it.o(i.UsageFault_Handler)
    i.Usart_Task                             0x08003488   Section        0  usart1.o(i.Usart_Task)
    i.__NVIC_SetPriority                     0x080034d8   Section        0  stm32f4xx_hal_cortex.o(i.__NVIC_SetPriority)
    __NVIC_SetPriority                       0x080034d9   Thumb Code    32  stm32f4xx_hal_cortex.o(i.__NVIC_SetPriority)
    i.can_filter_init                        0x080034f8   Section        0  main.o(i.can_filter_init)
    i.get_motor_measure                      0x08003530   Section        0  can_receive.o(i.get_motor_measure)
    i.main                                   0x0800354c   Section        0  main.o(i.main)
    i.makeFreeRtosPriority                   0x080035a8   Section        0  cmsis_os.o(i.makeFreeRtosPriority)
    makeFreeRtosPriority                     0x080035a9   Thumb Code    12  cmsis_os.o(i.makeFreeRtosPriority)
    i.motor_init                             0x080035b4   Section        0  motortask.o(i.motor_init)
    i.motor_task                             0x08003670   Section        0  motortask.o(i.motor_task)
    i.osDelay                                0x0800378c   Section        0  cmsis_os.o(i.osDelay)
    i.osKernelStart                          0x0800379c   Section        0  cmsis_os.o(i.osKernelStart)
    i.osThreadCreate                         0x080037a6   Section        0  cmsis_os.o(i.osThreadCreate)
    i.prvAddCurrentTaskToDelayedList         0x08003804   Section        0  tasks.o(i.prvAddCurrentTaskToDelayedList)
    prvAddCurrentTaskToDelayedList           0x08003805   Thumb Code   110  tasks.o(i.prvAddCurrentTaskToDelayedList)
    i.prvAddNewTaskToReadyList               0x0800387c   Section        0  tasks.o(i.prvAddNewTaskToReadyList)
    prvAddNewTaskToReadyList                 0x0800387d   Thumb Code   124  tasks.o(i.prvAddNewTaskToReadyList)
    i.prvCheckTasksWaitingTermination        0x08003904   Section        0  tasks.o(i.prvCheckTasksWaitingTermination)
    prvCheckTasksWaitingTermination          0x08003905   Thumb Code    56  tasks.o(i.prvCheckTasksWaitingTermination)
    i.prvDeleteTCB                           0x08003944   Section        0  tasks.o(i.prvDeleteTCB)
    prvDeleteTCB                             0x08003945   Thumb Code    64  tasks.o(i.prvDeleteTCB)
    i.prvHeapInit                            0x08003984   Section        0  heap_4.o(i.prvHeapInit)
    prvHeapInit                              0x08003985   Thumb Code    70  heap_4.o(i.prvHeapInit)
    i.prvIdleTask                            0x080039d4   Section        0  tasks.o(i.prvIdleTask)
    prvIdleTask                              0x080039d5   Thumb Code    30  tasks.o(i.prvIdleTask)
    i.prvInitialiseNewTask                   0x080039fc   Section        0  tasks.o(i.prvInitialiseNewTask)
    prvInitialiseNewTask                     0x080039fd   Thumb Code   126  tasks.o(i.prvInitialiseNewTask)
    i.prvInitialiseTaskLists                 0x08003a7c   Section        0  tasks.o(i.prvInitialiseTaskLists)
    prvInitialiseTaskLists                   0x08003a7d   Thumb Code    66  tasks.o(i.prvInitialiseTaskLists)
    i.prvInsertBlockIntoFreeList             0x08003adc   Section        0  heap_4.o(i.prvInsertBlockIntoFreeList)
    prvInsertBlockIntoFreeList               0x08003add   Thumb Code    84  heap_4.o(i.prvInsertBlockIntoFreeList)
    i.prvResetNextTaskUnblockTime            0x08003b38   Section        0  tasks.o(i.prvResetNextTaskUnblockTime)
    prvResetNextTaskUnblockTime              0x08003b39   Thumb Code    30  tasks.o(i.prvResetNextTaskUnblockTime)
    i.prvTaskExitError                       0x08003b5c   Section        0  port.o(i.prvTaskExitError)
    prvTaskExitError                         0x08003b5d   Thumb Code    42  port.o(i.prvTaskExitError)
    i.pvPortMalloc                           0x08003b8c   Section        0  heap_4.o(i.pvPortMalloc)
    i.pxPortInitialiseStack                  0x08003c74   Section        0  port.o(i.pxPortInitialiseStack)
    i.rad_format                             0x08003ca0   Section        0  motortask.o(i.rad_format)
    i.servo_init                             0x08003ce8   Section        0  servotask.o(i.servo_init)
    i.uxListRemove                           0x08003cfc   Section        0  list.o(i.uxListRemove)
    i.vApplicationGetIdleTaskMemory          0x08003d24   Section        0  freertos.o(i.vApplicationGetIdleTaskMemory)
    i.vListInitialise                        0x08003d38   Section        0  list.o(i.vListInitialise)
    i.vListInitialiseItem                    0x08003d4e   Section        0  list.o(i.vListInitialiseItem)
    i.vListInsert                            0x08003d54   Section        0  list.o(i.vListInsert)
    i.vListInsertEnd                         0x08003d8a   Section        0  list.o(i.vListInsertEnd)
    i.vPortEnterCritical                     0x08003da4   Section        0  port.o(i.vPortEnterCritical)
    i.vPortExitCritical                      0x08003de4   Section        0  port.o(i.vPortExitCritical)
    i.vPortFree                              0x08003e10   Section        0  heap_4.o(i.vPortFree)
    i.vPortSetupTimerInterrupt               0x08003e74   Section        0  port.o(i.vPortSetupTimerInterrupt)
    i.vTaskDelay                             0x08003e98   Section        0  tasks.o(i.vTaskDelay)
    i.vTaskStartScheduler                    0x08003ee8   Section        0  tasks.o(i.vTaskStartScheduler)
    i.vTaskSuspendAll                        0x08003f70   Section        0  tasks.o(i.vTaskSuspendAll)
    i.vTaskSwitchContext                     0x08003f80   Section        0  tasks.o(i.vTaskSwitchContext)
    i.xPortStartScheduler                    0x08003fe0   Section        0  port.o(i.xPortStartScheduler)
    i.xPortSysTickHandler                    0x080040e4   Section        0  port.o(i.xPortSysTickHandler)
    i.xTaskCreate                            0x08004110   Section        0  tasks.o(i.xTaskCreate)
    i.xTaskCreateStatic                      0x0800417c   Section        0  tasks.o(i.xTaskCreateStatic)
    i.xTaskGetSchedulerState                 0x080041dc   Section        0  tasks.o(i.xTaskGetSchedulerState)
    i.xTaskIncrementTick                     0x080041f8   Section        0  tasks.o(i.xTaskIncrementTick)
    i.xTaskResumeAll                         0x080042cc   Section        0  tasks.o(i.xTaskResumeAll)
    x$fpl$fpinit                             0x08004398   Section       10  fpinit.o(x$fpl$fpinit)
    $v0                                      0x08004398   Number         0  fpinit.o(x$fpl$fpinit)
    .constdata                               0x080043a4   Section      168  freertos.o(.constdata)
    .constdata                               0x0800444c   Section        8  stm32f4xx_hal_dma.o(.constdata)
    flagBitshiftOffset                       0x0800444c   Data           8  stm32f4xx_hal_dma.o(.constdata)
    .constdata                               0x08004454   Section       16  system_stm32f4xx.o(.constdata)
    .constdata                               0x08004464   Section        8  system_stm32f4xx.o(.constdata)
    .constdata                               0x0800446c   Section       24  motortask.o(.constdata)
    .conststring                             0x08004484   Section       66  freertos.o(.conststring)
    .data                                    0x20000000   Section        4  main.o(.data)
    .data                                    0x20000004   Section        4  main.o(.data)
    .data                                    0x20000008   Section       24  freertos.o(.data)
    .data                                    0x20000020   Section       12  stm32f4xx_hal.o(.data)
    .data                                    0x2000002c   Section        4  system_stm32f4xx.o(.data)
    .data                                    0x20000030   Section       60  tasks.o(.data)
    uxDeletedTasksWaitingCleanUp             0x20000034   Data           4  tasks.o(.data)
    uxCurrentNumberOfTasks                   0x20000038   Data           4  tasks.o(.data)
    xTickCount                               0x2000003c   Data           4  tasks.o(.data)
    uxTopReadyPriority                       0x20000040   Data           4  tasks.o(.data)
    xSchedulerRunning                        0x20000044   Data           4  tasks.o(.data)
    xPendedTicks                             0x20000048   Data           4  tasks.o(.data)
    xYieldPending                            0x2000004c   Data           4  tasks.o(.data)
    xNumOfOverflows                          0x20000050   Data           4  tasks.o(.data)
    uxTaskNumber                             0x20000054   Data           4  tasks.o(.data)
    xNextTaskUnblockTime                     0x20000058   Data           4  tasks.o(.data)
    xIdleTaskHandle                          0x2000005c   Data           4  tasks.o(.data)
    uxSchedulerSuspended                     0x20000060   Data           4  tasks.o(.data)
    pxDelayedTaskList                        0x20000064   Data           4  tasks.o(.data)
    pxOverflowDelayedTaskList                0x20000068   Data           4  tasks.o(.data)
    .data                                    0x2000006c   Section       32  heap_4.o(.data)
    pxEnd                                    0x2000006c   Data           4  heap_4.o(.data)
    xFreeBytesRemaining                      0x20000070   Data           4  heap_4.o(.data)
    xMinimumEverFreeBytesRemaining           0x20000074   Data           4  heap_4.o(.data)
    xNumberOfSuccessfulAllocations           0x20000078   Data           4  heap_4.o(.data)
    xNumberOfSuccessfulFrees                 0x2000007c   Data           4  heap_4.o(.data)
    xBlockAllocatedBit                       0x20000080   Data           4  heap_4.o(.data)
    xStart                                   0x20000084   Data           8  heap_4.o(.data)
    .data                                    0x2000008c   Section       12  port.o(.data)
    ucMaxSysCallPriority                     0x2000008c   Data           1  port.o(.data)
    uxCriticalNesting                        0x20000090   Data           4  port.o(.data)
    ulMaxPRIGROUPValue                       0x20000094   Data           4  port.o(.data)
    .data                                    0x20000098   Section        8  motortask.o(.data)
    .data                                    0x200000a0   Section        1  usart1.o(.data)
    .bss                                     0x200000a4   Section       18  main.o(.bss)
    .bss                                     0x200000b8   Section      596  freertos.o(.bss)
    xIdleTaskTCBBuffer                       0x200000b8   Data          84  freertos.o(.bss)
    xIdleStack                               0x2000010c   Data         512  freertos.o(.bss)
    .bss                                     0x2000030c   Section       40  can.o(.bss)
    .bss                                     0x20000334   Section      144  tim.o(.bss)
    .bss                                     0x200003c4   Section      232  usart.o(.bss)
    .bss                                     0x200004ac   Section      240  tasks.o(.bss)
    pxReadyTasksLists                        0x200004ac   Data         140  tasks.o(.bss)
    xDelayedTaskList1                        0x20000538   Data          20  tasks.o(.bss)
    xDelayedTaskList2                        0x2000054c   Data          20  tasks.o(.bss)
    xPendingReadyList                        0x20000560   Data          20  tasks.o(.bss)
    xTasksWaitingTermination                 0x20000574   Data          20  tasks.o(.bss)
    xSuspendedTaskList                       0x20000588   Data          20  tasks.o(.bss)
    .bss                                     0x2000059c   Section    15360  heap_4.o(.bss)
    ucHeap                                   0x2000059c   Data       15360  heap_4.o(.bss)
    .bss                                     0x2000419c   Section       10  motortask.o(.bss)
    .bss                                     0x200041a8   Section      164  motortask.o(.bss)
    .bss                                     0x2000424c   Section       20  usart1.o(.bss)
    .bss                                     0x20004260   Section       20  remote_control.o(.bss)
    .bss                                     0x20004274   Section       96  libspace.o(.bss)
    HEAP                                     0x200042d8   Section      512  startup_stm32f407xx.o(HEAP)
    Heap_Mem                                 0x200042d8   Data         512  startup_stm32f407xx.o(HEAP)
    STACK                                    0x200044d8   Section     1024  startup_stm32f407xx.o(STACK)
    Stack_Mem                                0x200044d8   Data        1024  startup_stm32f407xx.o(STACK)
    __initial_sp                             0x200048d8   Data           0  startup_stm32f407xx.o(STACK)

    Global Symbols

    Symbol Name                              Value     Ov Type        Size  Object(Section)

    BuildAttributes$$THM_ISAv4$E$P$D$K$B$S$7EM$VFPi3$EXTD16$VFPS$VFMA$PE$A:L22UL41UL21$X:L11$S22US41US21$IEEE1$IW$USESV6$~STKCKD$USESV7$~SHL$OTIME$ROPI$EBA8$UX$STANDARDLIB$REQ8$PRES8$EABIv2 0x00000000   Number         0  anon$$obj.o ABSOLUTE
    __ARM_use_no_argv                        0x00000000   Number         0  main.o ABSOLUTE
    __ARM_exceptions_init                     - Undefined Weak Reference
    __alloca_initialize                       - Undefined Weak Reference
    __arm_fini_                               - Undefined Weak Reference
    __arm_preinit_                            - Undefined Weak Reference
    __cpp_initialize__aeabi_                  - Undefined Weak Reference
    __cxa_finalize                            - Undefined Weak Reference
    __rt_locale                               - Undefined Weak Reference
    __sigvec_lookup                           - Undefined Weak Reference
    _atexit_init                              - Undefined Weak Reference
    _call_atexit_fns                          - Undefined Weak Reference
    _clock_init                               - Undefined Weak Reference
    _fp_trap_init                             - Undefined Weak Reference
    _fp_trap_shutdown                         - Undefined Weak Reference
    _get_lc_collate                           - Undefined Weak Reference
    _get_lc_ctype                             - Undefined Weak Reference
    _get_lc_monetary                          - Undefined Weak Reference
    _get_lc_numeric                           - Undefined Weak Reference
    _get_lc_time                              - Undefined Weak Reference
    _getenv_init                              - Undefined Weak Reference
    _handle_redirection                       - Undefined Weak Reference
    _init_alloc                               - Undefined Weak Reference
    _init_user_alloc                          - Undefined Weak Reference
    _initio                                   - Undefined Weak Reference
    _printf_post_padding                      - Undefined Weak Reference
    _printf_pre_padding                       - Undefined Weak Reference
    _printf_truncate_signed                   - Undefined Weak Reference
    _printf_truncate_unsigned                 - Undefined Weak Reference
    _rand_init                                - Undefined Weak Reference
    _signal_finish                            - Undefined Weak Reference
    _signal_init                              - Undefined Weak Reference
    _terminate_alloc                          - Undefined Weak Reference
    _terminate_user_alloc                     - Undefined Weak Reference
    _terminateio                              - Undefined Weak Reference
    __Vectors_Size                           0x00000188   Number         0  startup_stm32f407xx.o ABSOLUTE
    __Vectors                                0x08000000   Data           4  startup_stm32f407xx.o(RESET)
    __Vectors_End                            0x08000188   Data           0  startup_stm32f407xx.o(RESET)
    __main                                   0x08000189   Thumb Code     8  __main.o(!!!main)
    __scatterload                            0x08000191   Thumb Code     0  __scatter.o(!!!scatter)
    __scatterload_rt2                        0x08000191   Thumb Code    44  __scatter.o(!!!scatter)
    __scatterload_rt2_thumb_only             0x08000191   Thumb Code     0  __scatter.o(!!!scatter)
    __scatterload_null                       0x0800019f   Thumb Code     0  __scatter.o(!!!scatter)
    __scatterload_copy                       0x080001c5   Thumb Code    26  __scatter_copy.o(!!handler_copy)
    __scatterload_zeroinit                   0x080001e1   Thumb Code    28  __scatter_zi.o(!!handler_zi)
    _printf_d                                0x080001fd   Thumb Code     0  _printf_d.o(.ARM.Collect$$_printf_percent$$00000009)
    _printf_percent                          0x080001fd   Thumb Code     0  _printf_percent.o(.ARM.Collect$$_printf_percent$$00000000)
    _printf_percent_end                      0x08000203   Thumb Code     0  _printf_percent_end.o(.ARM.Collect$$_printf_percent$$00000017)
    __rt_lib_init                            0x08000207   Thumb Code     0  libinit.o(.ARM.Collect$$libinit$$00000000)
    __rt_lib_init_fp_1                       0x08000209   Thumb Code     0  libinit2.o(.ARM.Collect$$libinit$$00000001)
    __rt_lib_init_alloca_1                   0x0800020d   Thumb Code     0  libinit2.o(.ARM.Collect$$libinit$$0000002E)
    __rt_lib_init_argv_1                     0x0800020d   Thumb Code     0  libinit2.o(.ARM.Collect$$libinit$$0000002C)
    __rt_lib_init_atexit_1                   0x0800020d   Thumb Code     0  libinit2.o(.ARM.Collect$$libinit$$0000001B)
    __rt_lib_init_clock_1                    0x0800020d   Thumb Code     0  libinit2.o(.ARM.Collect$$libinit$$00000021)
    __rt_lib_init_cpp_1                      0x0800020d   Thumb Code     0  libinit2.o(.ARM.Collect$$libinit$$00000032)
    __rt_lib_init_exceptions_1               0x0800020d   Thumb Code     0  libinit2.o(.ARM.Collect$$libinit$$00000030)
    __rt_lib_init_fp_trap_1                  0x0800020d   Thumb Code     0  libinit2.o(.ARM.Collect$$libinit$$0000001F)
    __rt_lib_init_getenv_1                   0x0800020d   Thumb Code     0  libinit2.o(.ARM.Collect$$libinit$$00000023)
    __rt_lib_init_heap_1                     0x0800020d   Thumb Code     0  libinit2.o(.ARM.Collect$$libinit$$0000000A)
    __rt_lib_init_lc_collate_1               0x0800020d   Thumb Code     0  libinit2.o(.ARM.Collect$$libinit$$00000011)
    __rt_lib_init_lc_ctype_1                 0x0800020d   Thumb Code     0  libinit2.o(.ARM.Collect$$libinit$$00000013)
    __rt_lib_init_lc_monetary_1              0x0800020d   Thumb Code     0  libinit2.o(.ARM.Collect$$libinit$$00000015)
    __rt_lib_init_lc_numeric_1               0x0800020d   Thumb Code     0  libinit2.o(.ARM.Collect$$libinit$$00000017)
    __rt_lib_init_lc_time_1                  0x0800020d   Thumb Code     0  libinit2.o(.ARM.Collect$$libinit$$00000019)
    __rt_lib_init_preinit_1                  0x0800020d   Thumb Code     0  libinit2.o(.ARM.Collect$$libinit$$00000004)
    __rt_lib_init_rand_1                     0x0800020d   Thumb Code     0  libinit2.o(.ARM.Collect$$libinit$$0000000E)
    __rt_lib_init_return                     0x0800020d   Thumb Code     0  libinit2.o(.ARM.Collect$$libinit$$00000033)
    __rt_lib_init_signal_1                   0x0800020d   Thumb Code     0  libinit2.o(.ARM.Collect$$libinit$$0000001D)
    __rt_lib_init_stdio_1                    0x0800020d   Thumb Code     0  libinit2.o(.ARM.Collect$$libinit$$00000025)
    __rt_lib_init_user_alloc_1               0x0800020d   Thumb Code     0  libinit2.o(.ARM.Collect$$libinit$$0000000C)
    __rt_lib_shutdown                        0x0800020f   Thumb Code     0  libshutdown.o(.ARM.Collect$$libshutdown$$00000000)
    __rt_lib_shutdown_cpp_1                  0x08000211   Thumb Code     0  libshutdown2.o(.ARM.Collect$$libshutdown$$00000004)
    __rt_lib_shutdown_fini_1                 0x08000211   Thumb Code     0  libshutdown2.o(.ARM.Collect$$libshutdown$$00000002)
    __rt_lib_shutdown_fp_trap_1              0x08000211   Thumb Code     0  libshutdown2.o(.ARM.Collect$$libshutdown$$00000009)
    __rt_lib_shutdown_heap_1                 0x08000211   Thumb Code     0  libshutdown2.o(.ARM.Collect$$libshutdown$$00000011)
    __rt_lib_shutdown_return                 0x08000211   Thumb Code     0  libshutdown2.o(.ARM.Collect$$libshutdown$$00000012)
    __rt_lib_shutdown_signal_1               0x08000211   Thumb Code     0  libshutdown2.o(.ARM.Collect$$libshutdown$$0000000C)
    __rt_lib_shutdown_stdio_1                0x08000211   Thumb Code     0  libshutdown2.o(.ARM.Collect$$libshutdown$$00000006)
    __rt_lib_shutdown_user_alloc_1           0x08000211   Thumb Code     0  libshutdown2.o(.ARM.Collect$$libshutdown$$0000000E)
    __rt_entry                               0x08000213   Thumb Code     0  __rtentry.o(.ARM.Collect$$rtentry$$00000000)
    __rt_entry_presh_1                       0x08000213   Thumb Code     0  __rtentry2.o(.ARM.Collect$$rtentry$$00000002)
    __rt_entry_sh                            0x08000213   Thumb Code     0  __rtentry4.o(.ARM.Collect$$rtentry$$00000004)
    __rt_entry_li                            0x08000219   Thumb Code     0  __rtentry2.o(.ARM.Collect$$rtentry$$0000000A)
    __rt_entry_postsh_1                      0x08000219   Thumb Code     0  __rtentry2.o(.ARM.Collect$$rtentry$$00000009)
    __rt_entry_main                          0x0800021d   Thumb Code     0  __rtentry2.o(.ARM.Collect$$rtentry$$0000000D)
    __rt_entry_postli_1                      0x0800021d   Thumb Code     0  __rtentry2.o(.ARM.Collect$$rtentry$$0000000C)
    __rt_exit                                0x08000225   Thumb Code     0  rtexit.o(.ARM.Collect$$rtexit$$00000000)
    __rt_exit_ls                             0x08000227   Thumb Code     0  rtexit2.o(.ARM.Collect$$rtexit$$00000003)
    __rt_exit_prels_1                        0x08000227   Thumb Code     0  rtexit2.o(.ARM.Collect$$rtexit$$00000002)
    __rt_exit_exit                           0x0800022b   Thumb Code     0  rtexit2.o(.ARM.Collect$$rtexit$$00000004)
    SVC_Handler                              0x08000231   Thumb Code    28  port.o(.emb_text)
    __asm___6_port_c_39a90d8d__prvStartFirstTask 0x08000251   Thumb Code    36  port.o(.emb_text)
    __asm___6_port_c_39a90d8d__prvEnableVFP  0x08000279   Thumb Code    16  port.o(.emb_text)
    PendSV_Handler                           0x0800028d   Thumb Code    88  port.o(.emb_text)
    vPortGetIPSR                             0x080002e9   Thumb Code     6  port.o(.emb_text)
    Reset_Handler                            0x080002f1   Thumb Code     8  startup_stm32f407xx.o(.text)
    ADC_IRQHandler                           0x0800030b   Thumb Code     0  startup_stm32f407xx.o(.text)
    CAN1_RX1_IRQHandler                      0x0800030b   Thumb Code     0  startup_stm32f407xx.o(.text)
    CAN1_SCE_IRQHandler                      0x0800030b   Thumb Code     0  startup_stm32f407xx.o(.text)
    CAN1_TX_IRQHandler                       0x0800030b   Thumb Code     0  startup_stm32f407xx.o(.text)
    CAN2_RX0_IRQHandler                      0x0800030b   Thumb Code     0  startup_stm32f407xx.o(.text)
    CAN2_RX1_IRQHandler                      0x0800030b   Thumb Code     0  startup_stm32f407xx.o(.text)
    CAN2_SCE_IRQHandler                      0x0800030b   Thumb Code     0  startup_stm32f407xx.o(.text)
    CAN2_TX_IRQHandler                       0x0800030b   Thumb Code     0  startup_stm32f407xx.o(.text)
    DCMI_IRQHandler                          0x0800030b   Thumb Code     0  startup_stm32f407xx.o(.text)
    DMA1_Stream0_IRQHandler                  0x0800030b   Thumb Code     0  startup_stm32f407xx.o(.text)
    DMA1_Stream2_IRQHandler                  0x0800030b   Thumb Code     0  startup_stm32f407xx.o(.text)
    DMA1_Stream3_IRQHandler                  0x0800030b   Thumb Code     0  startup_stm32f407xx.o(.text)
    DMA1_Stream4_IRQHandler                  0x0800030b   Thumb Code     0  startup_stm32f407xx.o(.text)
    DMA1_Stream5_IRQHandler                  0x0800030b   Thumb Code     0  startup_stm32f407xx.o(.text)
    DMA1_Stream6_IRQHandler                  0x0800030b   Thumb Code     0  startup_stm32f407xx.o(.text)
    DMA1_Stream7_IRQHandler                  0x0800030b   Thumb Code     0  startup_stm32f407xx.o(.text)
    DMA2_Stream0_IRQHandler                  0x0800030b   Thumb Code     0  startup_stm32f407xx.o(.text)
    DMA2_Stream1_IRQHandler                  0x0800030b   Thumb Code     0  startup_stm32f407xx.o(.text)
    DMA2_Stream2_IRQHandler                  0x0800030b   Thumb Code     0  startup_stm32f407xx.o(.text)
    DMA2_Stream3_IRQHandler                  0x0800030b   Thumb Code     0  startup_stm32f407xx.o(.text)
    DMA2_Stream4_IRQHandler                  0x0800030b   Thumb Code     0  startup_stm32f407xx.o(.text)
    DMA2_Stream5_IRQHandler                  0x0800030b   Thumb Code     0  startup_stm32f407xx.o(.text)
    DMA2_Stream6_IRQHandler                  0x0800030b   Thumb Code     0  startup_stm32f407xx.o(.text)
    DMA2_Stream7_IRQHandler                  0x0800030b   Thumb Code     0  startup_stm32f407xx.o(.text)
    ETH_IRQHandler                           0x0800030b   Thumb Code     0  startup_stm32f407xx.o(.text)
    ETH_WKUP_IRQHandler                      0x0800030b   Thumb Code     0  startup_stm32f407xx.o(.text)
    EXTI15_10_IRQHandler                     0x0800030b   Thumb Code     0  startup_stm32f407xx.o(.text)
    EXTI1_IRQHandler                         0x0800030b   Thumb Code     0  startup_stm32f407xx.o(.text)
    EXTI2_IRQHandler                         0x0800030b   Thumb Code     0  startup_stm32f407xx.o(.text)
    EXTI3_IRQHandler                         0x0800030b   Thumb Code     0  startup_stm32f407xx.o(.text)
    EXTI4_IRQHandler                         0x0800030b   Thumb Code     0  startup_stm32f407xx.o(.text)
    EXTI9_5_IRQHandler                       0x0800030b   Thumb Code     0  startup_stm32f407xx.o(.text)
    FLASH_IRQHandler                         0x0800030b   Thumb Code     0  startup_stm32f407xx.o(.text)
    FMC_IRQHandler                           0x0800030b   Thumb Code     0  startup_stm32f407xx.o(.text)
    FPU_IRQHandler                           0x0800030b   Thumb Code     0  startup_stm32f407xx.o(.text)
    HASH_RNG_IRQHandler                      0x0800030b   Thumb Code     0  startup_stm32f407xx.o(.text)
    I2C1_ER_IRQHandler                       0x0800030b   Thumb Code     0  startup_stm32f407xx.o(.text)
    I2C1_EV_IRQHandler                       0x0800030b   Thumb Code     0  startup_stm32f407xx.o(.text)
    I2C2_ER_IRQHandler                       0x0800030b   Thumb Code     0  startup_stm32f407xx.o(.text)
    I2C2_EV_IRQHandler                       0x0800030b   Thumb Code     0  startup_stm32f407xx.o(.text)
    I2C3_ER_IRQHandler                       0x0800030b   Thumb Code     0  startup_stm32f407xx.o(.text)
    I2C3_EV_IRQHandler                       0x0800030b   Thumb Code     0  startup_stm32f407xx.o(.text)
    OTG_FS_IRQHandler                        0x0800030b   Thumb Code     0  startup_stm32f407xx.o(.text)
    OTG_FS_WKUP_IRQHandler                   0x0800030b   Thumb Code     0  startup_stm32f407xx.o(.text)
    OTG_HS_EP1_IN_IRQHandler                 0x0800030b   Thumb Code     0  startup_stm32f407xx.o(.text)
    OTG_HS_EP1_OUT_IRQHandler                0x0800030b   Thumb Code     0  startup_stm32f407xx.o(.text)
    OTG_HS_IRQHandler                        0x0800030b   Thumb Code     0  startup_stm32f407xx.o(.text)
    OTG_HS_WKUP_IRQHandler                   0x0800030b   Thumb Code     0  startup_stm32f407xx.o(.text)
    PVD_IRQHandler                           0x0800030b   Thumb Code     0  startup_stm32f407xx.o(.text)
    RCC_IRQHandler                           0x0800030b   Thumb Code     0  startup_stm32f407xx.o(.text)
    RTC_Alarm_IRQHandler                     0x0800030b   Thumb Code     0  startup_stm32f407xx.o(.text)
    RTC_WKUP_IRQHandler                      0x0800030b   Thumb Code     0  startup_stm32f407xx.o(.text)
    SDIO_IRQHandler                          0x0800030b   Thumb Code     0  startup_stm32f407xx.o(.text)
    SPI1_IRQHandler                          0x0800030b   Thumb Code     0  startup_stm32f407xx.o(.text)
    SPI2_IRQHandler                          0x0800030b   Thumb Code     0  startup_stm32f407xx.o(.text)
    SPI3_IRQHandler                          0x0800030b   Thumb Code     0  startup_stm32f407xx.o(.text)
    TAMP_STAMP_IRQHandler                    0x0800030b   Thumb Code     0  startup_stm32f407xx.o(.text)
    TIM1_BRK_TIM9_IRQHandler                 0x0800030b   Thumb Code     0  startup_stm32f407xx.o(.text)
    TIM1_CC_IRQHandler                       0x0800030b   Thumb Code     0  startup_stm32f407xx.o(.text)
    TIM1_TRG_COM_TIM11_IRQHandler            0x0800030b   Thumb Code     0  startup_stm32f407xx.o(.text)
    TIM1_UP_TIM10_IRQHandler                 0x0800030b   Thumb Code     0  startup_stm32f407xx.o(.text)
    TIM2_IRQHandler                          0x0800030b   Thumb Code     0  startup_stm32f407xx.o(.text)
    TIM3_IRQHandler                          0x0800030b   Thumb Code     0  startup_stm32f407xx.o(.text)
    TIM4_IRQHandler                          0x0800030b   Thumb Code     0  startup_stm32f407xx.o(.text)
    TIM5_IRQHandler                          0x0800030b   Thumb Code     0  startup_stm32f407xx.o(.text)
    TIM6_DAC_IRQHandler                      0x0800030b   Thumb Code     0  startup_stm32f407xx.o(.text)
    TIM8_BRK_TIM12_IRQHandler                0x0800030b   Thumb Code     0  startup_stm32f407xx.o(.text)
    TIM8_CC_IRQHandler                       0x0800030b   Thumb Code     0  startup_stm32f407xx.o(.text)
    TIM8_TRG_COM_TIM14_IRQHandler            0x0800030b   Thumb Code     0  startup_stm32f407xx.o(.text)
    TIM8_UP_TIM13_IRQHandler                 0x0800030b   Thumb Code     0  startup_stm32f407xx.o(.text)
    UART4_IRQHandler                         0x0800030b   Thumb Code     0  startup_stm32f407xx.o(.text)
    UART5_IRQHandler                         0x0800030b   Thumb Code     0  startup_stm32f407xx.o(.text)
    USART2_IRQHandler                        0x0800030b   Thumb Code     0  startup_stm32f407xx.o(.text)
    USART3_IRQHandler                        0x0800030b   Thumb Code     0  startup_stm32f407xx.o(.text)
    USART6_IRQHandler                        0x0800030b   Thumb Code     0  startup_stm32f407xx.o(.text)
    WWDG_IRQHandler                          0x0800030b   Thumb Code     0  startup_stm32f407xx.o(.text)
    __user_initial_stackheap                 0x0800030d   Thumb Code     0  startup_stm32f407xx.o(.text)
    __aeabi_uldivmod                         0x08000331   Thumb Code     0  lludivv7m.o(.text)
    _ll_udiv                                 0x08000331   Thumb Code   238  lludivv7m.o(.text)
    __2sprintf                               0x08000421   Thumb Code    34  noretval__2sprintf.o(.text)
    __printf                                 0x08000449   Thumb Code   104  __printf.o(.text)
    _printf_int_dec                          0x080004b1   Thumb Code   104  _printf_dec.o(.text)
    strlen                                   0x08000529   Thumb Code    62  strlen.o(.text)
    __aeabi_memcpy4                          0x08000567   Thumb Code     0  rt_memcpy_w.o(.text)
    __aeabi_memcpy8                          0x08000567   Thumb Code     0  rt_memcpy_w.o(.text)
    __rt_memcpy_w                            0x08000567   Thumb Code   100  rt_memcpy_w.o(.text)
    _memcpy_lastbytes_aligned                0x080005af   Thumb Code     0  rt_memcpy_w.o(.text)
    __aeabi_memclr4                          0x080005cb   Thumb Code     0  rt_memclr_w.o(.text)
    __aeabi_memclr8                          0x080005cb   Thumb Code     0  rt_memclr_w.o(.text)
    __rt_memclr_w                            0x080005cb   Thumb Code    78  rt_memclr_w.o(.text)
    _memset_w                                0x080005cf   Thumb Code     0  rt_memclr_w.o(.text)
    __use_two_region_memory                  0x08000619   Thumb Code     2  heapauxi.o(.text)
    __rt_heap_escrow$2region                 0x0800061b   Thumb Code     2  heapauxi.o(.text)
    __rt_heap_expand$2region                 0x0800061d   Thumb Code     2  heapauxi.o(.text)
    _printf_int_common                       0x0800061f   Thumb Code   178  _printf_intcommon.o(.text)
    _printf_char_common                      0x080006db   Thumb Code    32  _printf_char_common.o(.text)
    _sputc                                   0x08000701   Thumb Code    10  _sputc.o(.text)
    __user_setup_stackheap                   0x0800070b   Thumb Code    74  sys_stackheap_outer.o(.text)
    exit                                     0x08000755   Thumb Code    18  exit.o(.text)
    __user_libspace                          0x08000769   Thumb Code     8  libspace.o(.text)
    __user_perproc_libspace                  0x08000769   Thumb Code     0  libspace.o(.text)
    __user_perthread_libspace                0x08000769   Thumb Code     0  libspace.o(.text)
    _sys_exit                                0x08000771   Thumb Code     8  sys_exit.o(.text)
    __I$use$semihosting                      0x0800077d   Thumb Code     0  use_no_semi.o(.text)
    __use_no_semihosting_swi                 0x0800077d   Thumb Code     2  use_no_semi.o(.text)
    BusFault_Handler                         0x0800077f   Thumb Code     2  stm32f4xx_it.o(i.BusFault_Handler)
    __semihosting_library_function           0x0800077f   Thumb Code     0  indicate_semi.o(.text)
    CAN1_RX0_IRQHandler                      0x08000781   Thumb Code     6  stm32f4xx_it.o(i.CAN1_RX0_IRQHandler)
    CAN_cmd_motor3508                        0x0800078d   Thumb Code    76  can_receive.o(i.CAN_cmd_motor3508)
    CAN_cmd_motor6020                        0x080007dd   Thumb Code    76  can_receive.o(i.CAN_cmd_motor6020)
    DMA1_Stream1_IRQHandler                  0x0800082d   Thumb Code     6  stm32f4xx_it.o(i.DMA1_Stream1_IRQHandler)
    DebugMon_Handler                         0x080008dd   Thumb Code     2  stm32f4xx_it.o(i.DebugMon_Handler)
    EXTI0_IRQHandler                         0x080008df   Thumb Code     6  stm32f4xx_it.o(i.EXTI0_IRQHandler)
    Error_Handler                            0x080008e5   Thumb Code     4  main.o(i.Error_Handler)
    HAL_CAN_ActivateNotification             0x080008e9   Thumb Code    36  stm32f4xx_hal_can.o(i.HAL_CAN_ActivateNotification)
    HAL_CAN_AddTxMessage                     0x0800090d   Thumb Code   220  stm32f4xx_hal_can.o(i.HAL_CAN_AddTxMessage)
    HAL_CAN_ConfigFilter                     0x080009e9   Thumb Code   262  stm32f4xx_hal_can.o(i.HAL_CAN_ConfigFilter)
    HAL_CAN_ErrorCallback                    0x08000af5   Thumb Code     2  stm32f4xx_hal_can.o(i.HAL_CAN_ErrorCallback)
    HAL_CAN_GetRxMessage                     0x08000af7   Thumb Code   232  stm32f4xx_hal_can.o(i.HAL_CAN_GetRxMessage)
    HAL_CAN_IRQHandler                       0x08000bdf   Thumb Code   508  stm32f4xx_hal_can.o(i.HAL_CAN_IRQHandler)
    HAL_CAN_Init                             0x08000ddb   Thumb Code   282  stm32f4xx_hal_can.o(i.HAL_CAN_Init)
    HAL_CAN_MspInit                          0x08000ef5   Thumb Code   106  can.o(i.HAL_CAN_MspInit)
    HAL_CAN_RxFifo0FullCallback              0x08000f6d   Thumb Code     2  stm32f4xx_hal_can.o(i.HAL_CAN_RxFifo0FullCallback)
    HAL_CAN_RxFifo0MsgPendingCallback        0x08000f71   Thumb Code   198  can_receive.o(i.HAL_CAN_RxFifo0MsgPendingCallback)
    HAL_CAN_RxFifo1FullCallback              0x08001055   Thumb Code     2  stm32f4xx_hal_can.o(i.HAL_CAN_RxFifo1FullCallback)
    HAL_CAN_RxFifo1MsgPendingCallback        0x08001057   Thumb Code     2  stm32f4xx_hal_can.o(i.HAL_CAN_RxFifo1MsgPendingCallback)
    HAL_CAN_SleepCallback                    0x08001059   Thumb Code     2  stm32f4xx_hal_can.o(i.HAL_CAN_SleepCallback)
    HAL_CAN_Start                            0x0800105d   Thumb Code    88  stm32f4xx_hal_can.o(i.HAL_CAN_Start)
    HAL_CAN_TxMailbox0AbortCallback          0x080010b5   Thumb Code     2  stm32f4xx_hal_can.o(i.HAL_CAN_TxMailbox0AbortCallback)
    HAL_CAN_TxMailbox0CompleteCallback       0x080010b7   Thumb Code     2  stm32f4xx_hal_can.o(i.HAL_CAN_TxMailbox0CompleteCallback)
    HAL_CAN_TxMailbox1AbortCallback          0x080010b9   Thumb Code     2  stm32f4xx_hal_can.o(i.HAL_CAN_TxMailbox1AbortCallback)
    HAL_CAN_TxMailbox1CompleteCallback       0x080010bb   Thumb Code     2  stm32f4xx_hal_can.o(i.HAL_CAN_TxMailbox1CompleteCallback)
    HAL_CAN_TxMailbox2AbortCallback          0x080010bd   Thumb Code     2  stm32f4xx_hal_can.o(i.HAL_CAN_TxMailbox2AbortCallback)
    HAL_CAN_TxMailbox2CompleteCallback       0x080010bf   Thumb Code     2  stm32f4xx_hal_can.o(i.HAL_CAN_TxMailbox2CompleteCallback)
    HAL_CAN_WakeUpFromRxMsgCallback          0x080010c1   Thumb Code     2  stm32f4xx_hal_can.o(i.HAL_CAN_WakeUpFromRxMsgCallback)
    HAL_DMA_Abort                            0x080010c3   Thumb Code   146  stm32f4xx_hal_dma.o(i.HAL_DMA_Abort)
    HAL_DMA_Abort_IT                         0x08001155   Thumb Code    36  stm32f4xx_hal_dma.o(i.HAL_DMA_Abort_IT)
    HAL_DMA_IRQHandler                       0x08001179   Thumb Code   412  stm32f4xx_hal_dma.o(i.HAL_DMA_IRQHandler)
    HAL_DMA_Init                             0x08001319   Thumb Code   206  stm32f4xx_hal_dma.o(i.HAL_DMA_Init)
    HAL_DMA_Start_IT                         0x080013ed   Thumb Code   110  stm32f4xx_hal_dma.o(i.HAL_DMA_Start_IT)
    HAL_GPIO_EXTI_Callback                   0x0800145d   Thumb Code    24  motortask.o(i.HAL_GPIO_EXTI_Callback)
    HAL_GPIO_EXTI_IRQHandler                 0x08001479   Thumb Code    18  stm32f4xx_hal_gpio.o(i.HAL_GPIO_EXTI_IRQHandler)
    HAL_GPIO_Init                            0x08001491   Thumb Code   450  stm32f4xx_hal_gpio.o(i.HAL_GPIO_Init)
    HAL_GPIO_WritePin                        0x08001681   Thumb Code    10  stm32f4xx_hal_gpio.o(i.HAL_GPIO_WritePin)
    HAL_GetTick                              0x0800168d   Thumb Code     6  stm32f4xx_hal.o(i.HAL_GetTick)
    HAL_IncTick                              0x08001699   Thumb Code    12  stm32f4xx_hal.o(i.HAL_IncTick)
    HAL_Init                                 0x080016a9   Thumb Code    48  stm32f4xx_hal.o(i.HAL_Init)
    HAL_InitTick                             0x080016dd   Thumb Code    54  stm32f4xx_hal.o(i.HAL_InitTick)
    HAL_MspInit                              0x0800171d   Thumb Code    52  stm32f4xx_hal_msp.o(i.HAL_MspInit)
    HAL_NVIC_EnableIRQ                       0x08001755   Thumb Code    26  stm32f4xx_hal_cortex.o(i.HAL_NVIC_EnableIRQ)
    HAL_NVIC_SetPriority                     0x08001771   Thumb Code    60  stm32f4xx_hal_cortex.o(i.HAL_NVIC_SetPriority)
    HAL_NVIC_SetPriorityGrouping             0x080017b1   Thumb Code    26  stm32f4xx_hal_cortex.o(i.HAL_NVIC_SetPriorityGrouping)
    HAL_RCC_ClockConfig                      0x080017d5   Thumb Code   288  stm32f4xx_hal_rcc.o(i.HAL_RCC_ClockConfig)
    HAL_RCC_GetPCLK1Freq                     0x08001909   Thumb Code    20  stm32f4xx_hal_rcc.o(i.HAL_RCC_GetPCLK1Freq)
    HAL_RCC_GetPCLK2Freq                     0x08001929   Thumb Code    20  stm32f4xx_hal_rcc.o(i.HAL_RCC_GetPCLK2Freq)
    HAL_RCC_GetSysClockFreq                  0x08001949   Thumb Code    88  stm32f4xx_hal_rcc.o(i.HAL_RCC_GetSysClockFreq)
    HAL_RCC_OscConfig                        0x080019ad   Thumb Code   856  stm32f4xx_hal_rcc.o(i.HAL_RCC_OscConfig)
    HAL_SYSTICK_Config                       0x08001d19   Thumb Code    40  stm32f4xx_hal_cortex.o(i.HAL_SYSTICK_Config)
    HAL_TIMEx_BreakCallback                  0x08001d41   Thumb Code     2  stm32f4xx_hal_tim_ex.o(i.HAL_TIMEx_BreakCallback)
    HAL_TIMEx_CommutCallback                 0x08001d43   Thumb Code     2  stm32f4xx_hal_tim_ex.o(i.HAL_TIMEx_CommutCallback)
    HAL_TIMEx_ConfigBreakDeadTime            0x08001d45   Thumb Code    84  stm32f4xx_hal_tim_ex.o(i.HAL_TIMEx_ConfigBreakDeadTime)
    HAL_TIMEx_MasterConfigSynchronization    0x08001d99   Thumb Code   116  stm32f4xx_hal_tim_ex.o(i.HAL_TIMEx_MasterConfigSynchronization)
    HAL_TIM_Base_Init                        0x08001e29   Thumb Code    90  stm32f4xx_hal_tim.o(i.HAL_TIM_Base_Init)
    HAL_TIM_Base_MspInit                     0x08001e85   Thumb Code    50  tim.o(i.HAL_TIM_Base_MspInit)
    HAL_TIM_Base_Start_IT                    0x08001ec1   Thumb Code   100  stm32f4xx_hal_tim.o(i.HAL_TIM_Base_Start_IT)
    HAL_TIM_IC_CaptureCallback               0x08001f41   Thumb Code     2  stm32f4xx_hal_tim.o(i.HAL_TIM_IC_CaptureCallback)
    HAL_TIM_IRQHandler                       0x08001f43   Thumb Code   358  stm32f4xx_hal_tim.o(i.HAL_TIM_IRQHandler)
    HAL_TIM_MspPostInit                      0x080020a9   Thumb Code    72  tim.o(i.HAL_TIM_MspPostInit)
    HAL_TIM_OC_DelayElapsedCallback          0x080020fd   Thumb Code     2  stm32f4xx_hal_tim.o(i.HAL_TIM_OC_DelayElapsedCallback)
    HAL_TIM_PWM_ConfigChannel                0x080020ff   Thumb Code   204  stm32f4xx_hal_tim.o(i.HAL_TIM_PWM_ConfigChannel)
    HAL_TIM_PWM_Init                         0x080021cb   Thumb Code    90  stm32f4xx_hal_tim.o(i.HAL_TIM_PWM_Init)
    HAL_TIM_PWM_MspInit                      0x08002225   Thumb Code    30  tim.o(i.HAL_TIM_PWM_MspInit)
    HAL_TIM_PWM_PulseFinishedCallback        0x0800224d   Thumb Code     2  stm32f4xx_hal_tim.o(i.HAL_TIM_PWM_PulseFinishedCallback)
    HAL_TIM_PWM_Start                        0x08002251   Thumb Code   172  stm32f4xx_hal_tim.o(i.HAL_TIM_PWM_Start)
    HAL_TIM_PeriodElapsedCallback            0x08002319   Thumb Code     2  stm32f4xx_hal_tim.o(i.HAL_TIM_PeriodElapsedCallback)
    HAL_TIM_TriggerCallback                  0x0800231b   Thumb Code     2  stm32f4xx_hal_tim.o(i.HAL_TIM_TriggerCallback)
    HAL_UARTEx_RxEventCallback               0x0800231d   Thumb Code     2  stm32f4xx_hal_uart.o(i.HAL_UARTEx_RxEventCallback)
    HAL_UART_ErrorCallback                   0x0800231f   Thumb Code     2  stm32f4xx_hal_uart.o(i.HAL_UART_ErrorCallback)
    HAL_UART_IRQHandler                      0x08002321   Thumb Code   610  stm32f4xx_hal_uart.o(i.HAL_UART_IRQHandler)
    HAL_UART_Init                            0x08002589   Thumb Code    98  stm32f4xx_hal_uart.o(i.HAL_UART_Init)
    HAL_UART_MspInit                         0x080025ed   Thumb Code   222  usart.o(i.HAL_UART_MspInit)
    HAL_UART_Receive_DMA                     0x080026e9   Thumb Code    42  stm32f4xx_hal_uart.o(i.HAL_UART_Receive_DMA)
    HAL_UART_RxCpltCallback                  0x08002715   Thumb Code    74  remote_control.o(i.HAL_UART_RxCpltCallback)
    HAL_UART_RxHalfCpltCallback              0x08002769   Thumb Code     2  stm32f4xx_hal_uart.o(i.HAL_UART_RxHalfCpltCallback)
    HAL_UART_Transmit                        0x0800276d   Thumb Code   178  stm32f4xx_hal_uart.o(i.HAL_UART_Transmit)
    HAL_UART_TxCpltCallback                  0x0800281f   Thumb Code     2  stm32f4xx_hal_uart.o(i.HAL_UART_TxCpltCallback)
    HardFault_Handler                        0x08002821   Thumb Code     2  stm32f4xx_it.o(i.HardFault_Handler)
    LED_Blue_task                            0x08002825   Thumb Code    44  ledtask.o(i.LED_Blue_task)
    LED_Green_task                           0x08002855   Thumb Code    44  ledtask.o(i.LED_Green_task)
    LimitMax                                 0x08002885   Thumb Code    34  pid.o(i.LimitMax)
    MX_CAN1_Init                             0x080028a9   Thumb Code    60  can.o(i.MX_CAN1_Init)
    MX_DMA_Init                              0x080028ed   Thumb Code    40  dma.o(i.MX_DMA_Init)
    MX_FREERTOS_Init                         0x08002919   Thumb Code   140  freertos.o(i.MX_FREERTOS_Init)
    MX_GPIO_Init                             0x080029ad   Thumb Code   168  gpio.o(i.MX_GPIO_Init)
    MX_TIM1_Init                             0x08002a61   Thumb Code   154  tim.o(i.MX_TIM1_Init)
    MX_TIM7_Init                             0x08002b05   Thumb Code    62  tim.o(i.MX_TIM7_Init)
    MX_USART1_UART_Init                      0x08002b4d   Thumb Code    48  usart.o(i.MX_USART1_UART_Init)
    MX_USART3_UART_Init                      0x08002b85   Thumb Code    54  usart.o(i.MX_USART3_UART_Init)
    MemManage_Handler                        0x08002bc9   Thumb Code     2  stm32f4xx_it.o(i.MemManage_Handler)
    NMI_Handler                              0x08002bcb   Thumb Code     2  stm32f4xx_it.o(i.NMI_Handler)
    PID_calc                                 0x08002bcd   Thumb Code   158  pid.o(i.PID_calc)
    PID_init                                 0x08002c79   Thumb Code    54  pid.o(i.PID_init)
    Servo_Task                               0x08002cb5   Thumb Code    36  servotask.o(i.Servo_Task)
    StartDefaultTask                         0x08002cdd   Thumb Code     8  freertos.o(i.StartDefaultTask)
    SysTick_Handler                          0x08002ce5   Thumb Code    24  stm32f4xx_it.o(i.SysTick_Handler)
    SystemClock_Config                       0x08002cfd   Thumb Code   140  main.o(i.SystemClock_Config)
    SystemInit                               0x08002d91   Thumb Code    12  system_stm32f4xx.o(i.SystemInit)
    TIM7_IRQHandler                          0x08002da1   Thumb Code    42  stm32f4xx_it.o(i.TIM7_IRQHandler)
    TIM_Base_SetConfig                       0x08002dd9   Thumb Code   156  stm32f4xx_hal_tim.o(i.TIM_Base_SetConfig)
    TIM_CCxChannelCmd                        0x08002ea1   Thumb Code    26  stm32f4xx_hal_tim.o(i.TIM_CCxChannelCmd)
    TIM_OC2_SetConfig                        0x08002f1d   Thumb Code    98  stm32f4xx_hal_tim.o(i.TIM_OC2_SetConfig)
    UART_Start_Receive_DMA                   0x0800336d   Thumb Code   134  stm32f4xx_hal_uart.o(i.UART_Start_Receive_DMA)
    USART1_IRQHandler                        0x08003479   Thumb Code     6  stm32f4xx_it.o(i.USART1_IRQHandler)
    UsageFault_Handler                       0x08003485   Thumb Code     2  stm32f4xx_it.o(i.UsageFault_Handler)
    Usart_Task                               0x08003489   Thumb Code    58  usart1.o(i.Usart_Task)
    can_filter_init                          0x080034f9   Thumb Code    52  main.o(i.can_filter_init)
    get_motor_measure                        0x08003531   Thumb Code    28  can_receive.o(i.get_motor_measure)
    main                                     0x0800354d   Thumb Code    74  main.o(i.main)
    motor_init                               0x080035b5   Thumb Code   156  motortask.o(i.motor_init)
    motor_task                               0x08003671   Thumb Code   258  motortask.o(i.motor_task)
    osDelay                                  0x0800378d   Thumb Code    16  cmsis_os.o(i.osDelay)
    osKernelStart                            0x0800379d   Thumb Code    10  cmsis_os.o(i.osKernelStart)
    osThreadCreate                           0x080037a7   Thumb Code    92  cmsis_os.o(i.osThreadCreate)
    pvPortMalloc                             0x08003b8d   Thumb Code   224  heap_4.o(i.pvPortMalloc)
    pxPortInitialiseStack                    0x08003c75   Thumb Code    38  port.o(i.pxPortInitialiseStack)
    rad_format                               0x08003ca1   Thumb Code    58  motortask.o(i.rad_format)
    servo_init                               0x08003ce9   Thumb Code    16  servotask.o(i.servo_init)
    uxListRemove                             0x08003cfd   Thumb Code    38  list.o(i.uxListRemove)
    vApplicationGetIdleTaskMemory            0x08003d25   Thumb Code    16  freertos.o(i.vApplicationGetIdleTaskMemory)
    vListInitialise                          0x08003d39   Thumb Code    22  list.o(i.vListInitialise)
    vListInitialiseItem                      0x08003d4f   Thumb Code     6  list.o(i.vListInitialiseItem)
    vListInsert                              0x08003d55   Thumb Code    54  list.o(i.vListInsert)
    vListInsertEnd                           0x08003d8b   Thumb Code    24  list.o(i.vListInsertEnd)
    vPortEnterCritical                       0x08003da5   Thumb Code    54  port.o(i.vPortEnterCritical)
    vPortExitCritical                        0x08003de5   Thumb Code    38  port.o(i.vPortExitCritical)
    vPortFree                                0x08003e11   Thumb Code    94  heap_4.o(i.vPortFree)
    vPortSetupTimerInterrupt                 0x08003e75   Thumb Code    32  port.o(i.vPortSetupTimerInterrupt)
    vTaskDelay                               0x08003e99   Thumb Code    70  tasks.o(i.vTaskDelay)
    vTaskStartScheduler                      0x08003ee9   Thumb Code   120  tasks.o(i.vTaskStartScheduler)
    vTaskSuspendAll                          0x08003f71   Thumb Code    10  tasks.o(i.vTaskSuspendAll)
    vTaskSwitchContext                       0x08003f81   Thumb Code    86  tasks.o(i.vTaskSwitchContext)
    xPortStartScheduler                      0x08003fe1   Thumb Code   232  port.o(i.xPortStartScheduler)
    xPortSysTickHandler                      0x080040e5   Thumb Code    38  port.o(i.xPortSysTickHandler)
    xTaskCreate                              0x08004111   Thumb Code   108  tasks.o(i.xTaskCreate)
    xTaskCreateStatic                        0x0800417d   Thumb Code    96  tasks.o(i.xTaskCreateStatic)
    xTaskGetSchedulerState                   0x080041dd   Thumb Code    24  tasks.o(i.xTaskGetSchedulerState)
    xTaskIncrementTick                       0x080041f9   Thumb Code   202  tasks.o(i.xTaskIncrementTick)
    xTaskResumeAll                           0x080042cd   Thumb Code   190  tasks.o(i.xTaskResumeAll)
    _fp_init                                 0x08004399   Thumb Code    10  fpinit.o(x$fpl$fpinit)
    __fplib_config_fpu_vfp                   0x080043a1   Thumb Code     0  fpinit.o(x$fpl$fpinit)
    __fplib_config_pureend_doubles           0x080043a1   Thumb Code     0  fpinit.o(x$fpl$fpinit)
    AHBPrescTable                            0x08004454   Data          16  system_stm32f4xx.o(.constdata)
    APBPrescTable                            0x08004464   Data           8  system_stm32f4xx.o(.constdata)
    Region$$Table$$Base                      0x080044c8   Number         0  anon$$obj.o(Region$$Table)
    Region$$Table$$Limit                     0x080044e8   Number         0  anon$$obj.o(Region$$Table)
    time_ms                                  0x20000000   Data           4  main.o(.data)
    time_second                              0x20000004   Data           4  main.o(.data)
    LED_GreenHandle                          0x20000008   Data           4  freertos.o(.data)
    MotorTaskHandle                          0x2000000c   Data           4  freertos.o(.data)
    defaultTaskHandle                        0x20000010   Data           4  freertos.o(.data)
    LED_BlueHandle                           0x20000014   Data           4  freertos.o(.data)
    ServoTaskHandle                          0x20000018   Data           4  freertos.o(.data)
    Usart1Handle                             0x2000001c   Data           4  freertos.o(.data)
    uwTickFreq                               0x20000020   Data           1  stm32f4xx_hal.o(.data)
    uwTickPrio                               0x20000024   Data           4  stm32f4xx_hal.o(.data)
    uwTick                                   0x20000028   Data           4  stm32f4xx_hal.o(.data)
    SystemCoreClock                          0x2000002c   Data           4  system_stm32f4xx.o(.data)
    pxCurrentTCB                             0x20000030   Data           4  tasks.o(.data)
    motor_flag                               0x20000098   Data           1  motortask.o(.data)
    key_delay                                0x2000009c   Data           4  motortask.o(.data)
    num                                      0x200000a0   Data           1  usart1.o(.data)
    sbus_buf                                 0x200000a4   Data          18  main.o(.bss)
    hcan1                                    0x2000030c   Data          40  can.o(.bss)
    htim1                                    0x20000334   Data          72  tim.o(.bss)
    htim7                                    0x2000037c   Data          72  tim.o(.bss)
    huart1                                   0x200003c4   Data          68  usart.o(.bss)
    huart3                                   0x20000408   Data          68  usart.o(.bss)
    hdma_usart3_rx                           0x2000044c   Data          96  usart.o(.bss)
    motor1                                   0x2000419c   Data          10  motortask.o(.bss)
    motor2                                   0x200041a8   Data          10  motortask.o(.bss)
    motor_6020                               0x200041b4   Data          76  motortask.o(.bss)
    motor_3508                               0x20004200   Data          76  motortask.o(.bss)
    Buf                                      0x2000424c   Data          20  usart1.o(.bss)
    ctl                                      0x20004260   Data          20  remote_control.o(.bss)
    __libspace_start                         0x20004274   Data          96  libspace.o(.bss)
    __temporary_stack_top$libspace           0x200042d4   Data           0  libspace.o(.bss)



==============================================================================

Memory Map of the image

  Image Entry point : 0x08000189

  Load Region LR_IROM1 (Base: 0x08000000, Size: 0x0000458c, Max: 0x00100000, ABSOLUTE)

    Execution Region ER_IROM1 (Exec base: 0x08000000, Load base: 0x08000000, Size: 0x000044e8, Max: 0x00100000, ABSOLUTE)

    Exec Addr    Load Addr    Size         Type   Attr      Idx    E Section Name        Object

    0x08000000   0x08000000   0x00000188   Data   RO            3    RESET               startup_stm32f407xx.o
    0x08000188   0x08000188   0x00000008   Code   RO         5073  * !!!main             c_w.l(__main.o)
    0x08000190   0x08000190   0x00000034   Code   RO         5253    !!!scatter          c_w.l(__scatter.o)
    0x080001c4   0x080001c4   0x0000001a   Code   RO         5255    !!handler_copy      c_w.l(__scatter_copy.o)
    0x080001de   0x080001de   0x00000002   PAD
    0x080001e0   0x080001e0   0x0000001c   Code   RO         5257    !!handler_zi        c_w.l(__scatter_zi.o)
    0x080001fc   0x080001fc   0x00000000   Code   RO         5060    .ARM.Collect$$_printf_percent$$00000000  c_w.l(_printf_percent.o)
    0x080001fc   0x080001fc   0x00000006   Code   RO         5059    .ARM.Collect$$_printf_percent$$00000009  c_w.l(_printf_d.o)
    0x08000202   0x08000202   0x00000004   Code   RO         5086    .ARM.Collect$$_printf_percent$$00000017  c_w.l(_printf_percent_end.o)
    0x08000206   0x08000206   0x00000002   Code   RO         5121    .ARM.Collect$$libinit$$00000000  c_w.l(libinit.o)
    0x08000208   0x08000208   0x00000004   Code   RO         5133    .ARM.Collect$$libinit$$00000001  c_w.l(libinit2.o)
    0x0800020c   0x0800020c   0x00000000   Code   RO         5136    .ARM.Collect$$libinit$$00000004  c_w.l(libinit2.o)
    0x0800020c   0x0800020c   0x00000000   Code   RO         5139    .ARM.Collect$$libinit$$0000000A  c_w.l(libinit2.o)
    0x0800020c   0x0800020c   0x00000000   Code   RO         5141    .ARM.Collect$$libinit$$0000000C  c_w.l(libinit2.o)
    0x0800020c   0x0800020c   0x00000000   Code   RO         5143    .ARM.Collect$$libinit$$0000000E  c_w.l(libinit2.o)
    0x0800020c   0x0800020c   0x00000000   Code   RO         5146    .ARM.Collect$$libinit$$00000011  c_w.l(libinit2.o)
    0x0800020c   0x0800020c   0x00000000   Code   RO         5148    .ARM.Collect$$libinit$$00000013  c_w.l(libinit2.o)
    0x0800020c   0x0800020c   0x00000000   Code   RO         5150    .ARM.Collect$$libinit$$00000015  c_w.l(libinit2.o)
    0x0800020c   0x0800020c   0x00000000   Code   RO         5152    .ARM.Collect$$libinit$$00000017  c_w.l(libinit2.o)
    0x0800020c   0x0800020c   0x00000000   Code   RO         5154    .ARM.Collect$$libinit$$00000019  c_w.l(libinit2.o)
    0x0800020c   0x0800020c   0x00000000   Code   RO         5156    .ARM.Collect$$libinit$$0000001B  c_w.l(libinit2.o)
    0x0800020c   0x0800020c   0x00000000   Code   RO         5158    .ARM.Collect$$libinit$$0000001D  c_w.l(libinit2.o)
    0x0800020c   0x0800020c   0x00000000   Code   RO         5160    .ARM.Collect$$libinit$$0000001F  c_w.l(libinit2.o)
    0x0800020c   0x0800020c   0x00000000   Code   RO         5162    .ARM.Collect$$libinit$$00000021  c_w.l(libinit2.o)
    0x0800020c   0x0800020c   0x00000000   Code   RO         5164    .ARM.Collect$$libinit$$00000023  c_w.l(libinit2.o)
    0x0800020c   0x0800020c   0x00000000   Code   RO         5166    .ARM.Collect$$libinit$$00000025  c_w.l(libinit2.o)
    0x0800020c   0x0800020c   0x00000000   Code   RO         5170    .ARM.Collect$$libinit$$0000002C  c_w.l(libinit2.o)
    0x0800020c   0x0800020c   0x00000000   Code   RO         5172    .ARM.Collect$$libinit$$0000002E  c_w.l(libinit2.o)
    0x0800020c   0x0800020c   0x00000000   Code   RO         5174    .ARM.Collect$$libinit$$00000030  c_w.l(libinit2.o)
    0x0800020c   0x0800020c   0x00000000   Code   RO         5176    .ARM.Collect$$libinit$$00000032  c_w.l(libinit2.o)
    0x0800020c   0x0800020c   0x00000002   Code   RO         5177    .ARM.Collect$$libinit$$00000033  c_w.l(libinit2.o)
    0x0800020e   0x0800020e   0x00000002   Code   RO         5208    .ARM.Collect$$libshutdown$$00000000  c_w.l(libshutdown.o)
    0x08000210   0x08000210   0x00000000   Code   RO         5234    .ARM.Collect$$libshutdown$$00000002  c_w.l(libshutdown2.o)
    0x08000210   0x08000210   0x00000000   Code   RO         5236    .ARM.Collect$$libshutdown$$00000004  c_w.l(libshutdown2.o)
    0x08000210   0x08000210   0x00000000   Code   RO         5238    .ARM.Collect$$libshutdown$$00000006  c_w.l(libshutdown2.o)
    0x08000210   0x08000210   0x00000000   Code   RO         5241    .ARM.Collect$$libshutdown$$00000009  c_w.l(libshutdown2.o)
    0x08000210   0x08000210   0x00000000   Code   RO         5244    .ARM.Collect$$libshutdown$$0000000C  c_w.l(libshutdown2.o)
    0x08000210   0x08000210   0x00000000   Code   RO         5246    .ARM.Collect$$libshutdown$$0000000E  c_w.l(libshutdown2.o)
    0x08000210   0x08000210   0x00000000   Code   RO         5249    .ARM.Collect$$libshutdown$$00000011  c_w.l(libshutdown2.o)
    0x08000210   0x08000210   0x00000002   Code   RO         5250    .ARM.Collect$$libshutdown$$00000012  c_w.l(libshutdown2.o)
    0x08000212   0x08000212   0x00000000   Code   RO         5075    .ARM.Collect$$rtentry$$00000000  c_w.l(__rtentry.o)
    0x08000212   0x08000212   0x00000000   Code   RO         5090    .ARM.Collect$$rtentry$$00000002  c_w.l(__rtentry2.o)
    0x08000212   0x08000212   0x00000006   Code   RO         5102    .ARM.Collect$$rtentry$$00000004  c_w.l(__rtentry4.o)
    0x08000218   0x08000218   0x00000000   Code   RO         5092    .ARM.Collect$$rtentry$$00000009  c_w.l(__rtentry2.o)
    0x08000218   0x08000218   0x00000004   Code   RO         5093    .ARM.Collect$$rtentry$$0000000A  c_w.l(__rtentry2.o)
    0x0800021c   0x0800021c   0x00000000   Code   RO         5095    .ARM.Collect$$rtentry$$0000000C  c_w.l(__rtentry2.o)
    0x0800021c   0x0800021c   0x00000008   Code   RO         5096    .ARM.Collect$$rtentry$$0000000D  c_w.l(__rtentry2.o)
    0x08000224   0x08000224   0x00000002   Code   RO         5125    .ARM.Collect$$rtexit$$00000000  c_w.l(rtexit.o)
    0x08000226   0x08000226   0x00000000   Code   RO         5181    .ARM.Collect$$rtexit$$00000002  c_w.l(rtexit2.o)
    0x08000226   0x08000226   0x00000004   Code   RO         5182    .ARM.Collect$$rtexit$$00000003  c_w.l(rtexit2.o)
    0x0800022a   0x0800022a   0x00000006   Code   RO         5183    .ARM.Collect$$rtexit$$00000004  c_w.l(rtexit2.o)
    0x08000230   0x08000230   0x000000be   Code   RO         4577    .emb_text           port.o
    0x080002ee   0x080002ee   0x00000002   PAD
    0x080002f0   0x080002f0   0x00000040   Code   RO            4    .text               startup_stm32f407xx.o
    0x08000330   0x08000330   0x000000ee   Code   RO         5029    .text               c_w.l(lludivv7m.o)
    0x0800041e   0x0800041e   0x00000002   PAD
    0x08000420   0x08000420   0x00000028   Code   RO         5033    .text               c_w.l(noretval__2sprintf.o)
    0x08000448   0x08000448   0x00000068   Code   RO         5035    .text               c_w.l(__printf.o)
    0x080004b0   0x080004b0   0x00000078   Code   RO         5037    .text               c_w.l(_printf_dec.o)
    0x08000528   0x08000528   0x0000003e   Code   RO         5061    .text               c_w.l(strlen.o)
    0x08000566   0x08000566   0x00000064   Code   RO         5065    .text               c_w.l(rt_memcpy_w.o)
    0x080005ca   0x080005ca   0x0000004e   Code   RO         5069    .text               c_w.l(rt_memclr_w.o)
    0x08000618   0x08000618   0x00000006   Code   RO         5071    .text               c_w.l(heapauxi.o)
    0x0800061e   0x0800061e   0x000000b2   Code   RO         5080    .text               c_w.l(_printf_intcommon.o)
    0x080006d0   0x080006d0   0x00000030   Code   RO         5082    .text               c_w.l(_printf_char_common.o)
    0x08000700   0x08000700   0x0000000a   Code   RO         5084    .text               c_w.l(_sputc.o)
    0x0800070a   0x0800070a   0x0000004a   Code   RO         5108    .text               c_w.l(sys_stackheap_outer.o)
    0x08000754   0x08000754   0x00000012   Code   RO         5110    .text               c_w.l(exit.o)
    0x08000766   0x08000766   0x00000002   PAD
    0x08000768   0x08000768   0x00000008   Code   RO         5122    .text               c_w.l(libspace.o)
    0x08000770   0x08000770   0x0000000c   Code   RO         5178    .text               c_w.l(sys_exit.o)
    0x0800077c   0x0800077c   0x00000002   Code   RO         5197    .text               c_w.l(use_no_semi.o)
    0x0800077e   0x0800077e   0x00000000   Code   RO         5199    .text               c_w.l(indicate_semi.o)
    0x0800077e   0x0800077e   0x00000002   Code   RO          487    i.BusFault_Handler  stm32f4xx_it.o
    0x08000780   0x08000780   0x0000000c   Code   RO          488    i.CAN1_RX0_IRQHandler  stm32f4xx_it.o
    0x0800078c   0x0800078c   0x00000050   Code   RO         4878    i.CAN_cmd_motor3508  can_receive.o
    0x080007dc   0x080007dc   0x00000050   Code   RO         4879    i.CAN_cmd_motor6020  can_receive.o
    0x0800082c   0x0800082c   0x0000000c   Code   RO          489    i.DMA1_Stream1_IRQHandler  stm32f4xx_it.o
    0x08000838   0x08000838   0x00000028   Code   RO         1298    i.DMA_CalcBaseAndBitshift  stm32f4xx_hal_dma.o
    0x08000860   0x08000860   0x00000054   Code   RO         1299    i.DMA_CheckFifoParam  stm32f4xx_hal_dma.o
    0x080008b4   0x080008b4   0x00000028   Code   RO         1300    i.DMA_SetConfig     stm32f4xx_hal_dma.o
    0x080008dc   0x080008dc   0x00000002   Code   RO          490    i.DebugMon_Handler  stm32f4xx_it.o
    0x080008de   0x080008de   0x00000006   Code   RO          491    i.EXTI0_IRQHandler  stm32f4xx_it.o
    0x080008e4   0x080008e4   0x00000004   Code   RO           13    i.Error_Handler     main.o
    0x080008e8   0x080008e8   0x00000024   Code   RO          606    i.HAL_CAN_ActivateNotification  stm32f4xx_hal_can.o
    0x0800090c   0x0800090c   0x000000dc   Code   RO          607    i.HAL_CAN_AddTxMessage  stm32f4xx_hal_can.o
    0x080009e8   0x080009e8   0x0000010c   Code   RO          608    i.HAL_CAN_ConfigFilter  stm32f4xx_hal_can.o
    0x08000af4   0x08000af4   0x00000002   Code   RO          611    i.HAL_CAN_ErrorCallback  stm32f4xx_hal_can.o
    0x08000af6   0x08000af6   0x000000e8   Code   RO          614    i.HAL_CAN_GetRxMessage  stm32f4xx_hal_can.o
    0x08000bde   0x08000bde   0x000001fc   Code   RO          618    i.HAL_CAN_IRQHandler  stm32f4xx_hal_can.o
    0x08000dda   0x08000dda   0x0000011a   Code   RO          619    i.HAL_CAN_Init      stm32f4xx_hal_can.o
    0x08000ef4   0x08000ef4   0x00000078   Code   RO          308    i.HAL_CAN_MspInit   can.o
    0x08000f6c   0x08000f6c   0x00000002   Code   RO          626    i.HAL_CAN_RxFifo0FullCallback  stm32f4xx_hal_can.o
    0x08000f6e   0x08000f6e   0x00000002   PAD
    0x08000f70   0x08000f70   0x000000e4   Code   RO         4880    i.HAL_CAN_RxFifo0MsgPendingCallback  can_receive.o
    0x08001054   0x08001054   0x00000002   Code   RO          628    i.HAL_CAN_RxFifo1FullCallback  stm32f4xx_hal_can.o
    0x08001056   0x08001056   0x00000002   Code   RO          629    i.HAL_CAN_RxFifo1MsgPendingCallback  stm32f4xx_hal_can.o
    0x08001058   0x08001058   0x00000002   Code   RO          630    i.HAL_CAN_SleepCallback  stm32f4xx_hal_can.o
    0x0800105a   0x0800105a   0x00000002   PAD
    0x0800105c   0x0800105c   0x00000058   Code   RO          631    i.HAL_CAN_Start     stm32f4xx_hal_can.o
    0x080010b4   0x080010b4   0x00000002   Code   RO          633    i.HAL_CAN_TxMailbox0AbortCallback  stm32f4xx_hal_can.o
    0x080010b6   0x080010b6   0x00000002   Code   RO          634    i.HAL_CAN_TxMailbox0CompleteCallback  stm32f4xx_hal_can.o
    0x080010b8   0x080010b8   0x00000002   Code   RO          635    i.HAL_CAN_TxMailbox1AbortCallback  stm32f4xx_hal_can.o
    0x080010ba   0x080010ba   0x00000002   Code   RO          636    i.HAL_CAN_TxMailbox1CompleteCallback  stm32f4xx_hal_can.o
    0x080010bc   0x080010bc   0x00000002   Code   RO          637    i.HAL_CAN_TxMailbox2AbortCallback  stm32f4xx_hal_can.o
    0x080010be   0x080010be   0x00000002   Code   RO          638    i.HAL_CAN_TxMailbox2CompleteCallback  stm32f4xx_hal_can.o
    0x080010c0   0x080010c0   0x00000002   Code   RO          640    i.HAL_CAN_WakeUpFromRxMsgCallback  stm32f4xx_hal_can.o
    0x080010c2   0x080010c2   0x00000092   Code   RO         1301    i.HAL_DMA_Abort     stm32f4xx_hal_dma.o
    0x08001154   0x08001154   0x00000024   Code   RO         1302    i.HAL_DMA_Abort_IT  stm32f4xx_hal_dma.o
    0x08001178   0x08001178   0x000001a0   Code   RO         1306    i.HAL_DMA_IRQHandler  stm32f4xx_hal_dma.o
    0x08001318   0x08001318   0x000000d4   Code   RO         1307    i.HAL_DMA_Init      stm32f4xx_hal_dma.o
    0x080013ec   0x080013ec   0x0000006e   Code   RO         1311    i.HAL_DMA_Start_IT  stm32f4xx_hal_dma.o
    0x0800145a   0x0800145a   0x00000002   PAD
    0x0800145c   0x0800145c   0x0000001c   Code   RO         4726    i.HAL_GPIO_EXTI_Callback  motortask.o
    0x08001478   0x08001478   0x00000018   Code   RO         1193    i.HAL_GPIO_EXTI_IRQHandler  stm32f4xx_hal_gpio.o
    0x08001490   0x08001490   0x000001f0   Code   RO         1194    i.HAL_GPIO_Init     stm32f4xx_hal_gpio.o
    0x08001680   0x08001680   0x0000000a   Code   RO         1198    i.HAL_GPIO_WritePin  stm32f4xx_hal_gpio.o
    0x0800168a   0x0800168a   0x00000002   PAD
    0x0800168c   0x0800168c   0x0000000c   Code   RO         1726    i.HAL_GetTick       stm32f4xx_hal.o
    0x08001698   0x08001698   0x00000010   Code   RO         1732    i.HAL_IncTick       stm32f4xx_hal.o
    0x080016a8   0x080016a8   0x00000034   Code   RO         1733    i.HAL_Init          stm32f4xx_hal.o
    0x080016dc   0x080016dc   0x00000040   Code   RO         1734    i.HAL_InitTick      stm32f4xx_hal.o
    0x0800171c   0x0800171c   0x00000038   Code   RO          581    i.HAL_MspInit       stm32f4xx_hal_msp.o
    0x08001754   0x08001754   0x0000001a   Code   RO         1583    i.HAL_NVIC_EnableIRQ  stm32f4xx_hal_cortex.o
    0x0800176e   0x0800176e   0x00000002   PAD
    0x08001770   0x08001770   0x00000040   Code   RO         1589    i.HAL_NVIC_SetPriority  stm32f4xx_hal_cortex.o
    0x080017b0   0x080017b0   0x00000024   Code   RO         1590    i.HAL_NVIC_SetPriorityGrouping  stm32f4xx_hal_cortex.o
    0x080017d4   0x080017d4   0x00000134   Code   RO          840    i.HAL_RCC_ClockConfig  stm32f4xx_hal_rcc.o
    0x08001908   0x08001908   0x00000020   Code   RO          847    i.HAL_RCC_GetPCLK1Freq  stm32f4xx_hal_rcc.o
    0x08001928   0x08001928   0x00000020   Code   RO          848    i.HAL_RCC_GetPCLK2Freq  stm32f4xx_hal_rcc.o
    0x08001948   0x08001948   0x00000064   Code   RO          849    i.HAL_RCC_GetSysClockFreq  stm32f4xx_hal_rcc.o
    0x080019ac   0x080019ac   0x0000036c   Code   RO          852    i.HAL_RCC_OscConfig  stm32f4xx_hal_rcc.o
    0x08001d18   0x08001d18   0x00000028   Code   RO         1594    i.HAL_SYSTICK_Config  stm32f4xx_hal_cortex.o
    0x08001d40   0x08001d40   0x00000002   Code   RO         2677    i.HAL_TIMEx_BreakCallback  stm32f4xx_hal_tim_ex.o
    0x08001d42   0x08001d42   0x00000002   Code   RO         2678    i.HAL_TIMEx_CommutCallback  stm32f4xx_hal_tim_ex.o
    0x08001d44   0x08001d44   0x00000054   Code   RO         2680    i.HAL_TIMEx_ConfigBreakDeadTime  stm32f4xx_hal_tim_ex.o
    0x08001d98   0x08001d98   0x00000090   Code   RO         2696    i.HAL_TIMEx_MasterConfigSynchronization  stm32f4xx_hal_tim_ex.o
    0x08001e28   0x08001e28   0x0000005a   Code   RO         1973    i.HAL_TIM_Base_Init  stm32f4xx_hal_tim.o
    0x08001e82   0x08001e82   0x00000002   PAD
    0x08001e84   0x08001e84   0x0000003c   Code   RO          374    i.HAL_TIM_Base_MspInit  tim.o
    0x08001ec0   0x08001ec0   0x00000080   Code   RO         1978    i.HAL_TIM_Base_Start_IT  stm32f4xx_hal_tim.o
    0x08001f40   0x08001f40   0x00000002   Code   RO         2007    i.HAL_TIM_IC_CaptureCallback  stm32f4xx_hal_tim.o
    0x08001f42   0x08001f42   0x00000166   Code   RO         2021    i.HAL_TIM_IRQHandler  stm32f4xx_hal_tim.o
    0x080020a8   0x080020a8   0x00000054   Code   RO          375    i.HAL_TIM_MspPostInit  tim.o
    0x080020fc   0x080020fc   0x00000002   Code   RO         2024    i.HAL_TIM_OC_DelayElapsedCallback  stm32f4xx_hal_tim.o
    0x080020fe   0x080020fe   0x000000cc   Code   RO         2045    i.HAL_TIM_PWM_ConfigChannel  stm32f4xx_hal_tim.o
    0x080021ca   0x080021ca   0x0000005a   Code   RO         2048    i.HAL_TIM_PWM_Init  stm32f4xx_hal_tim.o
    0x08002224   0x08002224   0x00000028   Code   RO          377    i.HAL_TIM_PWM_MspInit  tim.o
    0x0800224c   0x0800224c   0x00000002   Code   RO         2051    i.HAL_TIM_PWM_PulseFinishedCallback  stm32f4xx_hal_tim.o
    0x0800224e   0x0800224e   0x00000002   PAD
    0x08002250   0x08002250   0x000000c8   Code   RO         2053    i.HAL_TIM_PWM_Start  stm32f4xx_hal_tim.o
    0x08002318   0x08002318   0x00000002   Code   RO         2059    i.HAL_TIM_PeriodElapsedCallback  stm32f4xx_hal_tim.o
    0x0800231a   0x0800231a   0x00000002   Code   RO         2064    i.HAL_TIM_TriggerCallback  stm32f4xx_hal_tim.o
    0x0800231c   0x0800231c   0x00000002   Code   RO         2955    i.HAL_UARTEx_RxEventCallback  stm32f4xx_hal_uart.o
    0x0800231e   0x0800231e   0x00000002   Code   RO         2969    i.HAL_UART_ErrorCallback  stm32f4xx_hal_uart.o
    0x08002320   0x08002320   0x00000268   Code   RO         2972    i.HAL_UART_IRQHandler  stm32f4xx_hal_uart.o
    0x08002588   0x08002588   0x00000062   Code   RO         2973    i.HAL_UART_Init     stm32f4xx_hal_uart.o
    0x080025ea   0x080025ea   0x00000002   PAD
    0x080025ec   0x080025ec   0x000000fc   Code   RO          440    i.HAL_UART_MspInit  usart.o
    0x080026e8   0x080026e8   0x0000002a   Code   RO         2977    i.HAL_UART_Receive_DMA  stm32f4xx_hal_uart.o
    0x08002712   0x08002712   0x00000002   PAD
    0x08002714   0x08002714   0x00000054   Code   RO         5000    i.HAL_UART_RxCpltCallback  remote_control.o
    0x08002768   0x08002768   0x00000002   Code   RO         2980    i.HAL_UART_RxHalfCpltCallback  stm32f4xx_hal_uart.o
    0x0800276a   0x0800276a   0x00000002   PAD
    0x0800276c   0x0800276c   0x000000b2   Code   RO         2981    i.HAL_UART_Transmit  stm32f4xx_hal_uart.o
    0x0800281e   0x0800281e   0x00000002   Code   RO         2984    i.HAL_UART_TxCpltCallback  stm32f4xx_hal_uart.o
    0x08002820   0x08002820   0x00000002   Code   RO          492    i.HardFault_Handler  stm32f4xx_it.o
    0x08002822   0x08002822   0x00000002   PAD
    0x08002824   0x08002824   0x00000030   Code   RO         4693    i.LED_Blue_task     ledtask.o
    0x08002854   0x08002854   0x00000030   Code   RO         4694    i.LED_Green_task    ledtask.o
    0x08002884   0x08002884   0x00000022   Code   RO         4921    i.LimitMax          pid.o
    0x080028a6   0x080028a6   0x00000002   PAD
    0x080028a8   0x080028a8   0x00000044   Code   RO          309    i.MX_CAN1_Init      can.o
    0x080028ec   0x080028ec   0x0000002c   Code   RO          349    i.MX_DMA_Init       dma.o
    0x08002918   0x08002918   0x00000094   Code   RO          248    i.MX_FREERTOS_Init  freertos.o
    0x080029ac   0x080029ac   0x000000b4   Code   RO          220    i.MX_GPIO_Init      gpio.o
    0x08002a60   0x08002a60   0x000000a4   Code   RO          378    i.MX_TIM1_Init      tim.o
    0x08002b04   0x08002b04   0x00000048   Code   RO          379    i.MX_TIM7_Init      tim.o
    0x08002b4c   0x08002b4c   0x00000038   Code   RO          441    i.MX_USART1_UART_Init  usart.o
    0x08002b84   0x08002b84   0x00000044   Code   RO          442    i.MX_USART3_UART_Init  usart.o
    0x08002bc8   0x08002bc8   0x00000002   Code   RO          493    i.MemManage_Handler  stm32f4xx_it.o
    0x08002bca   0x08002bca   0x00000002   Code   RO          494    i.NMI_Handler       stm32f4xx_it.o
    0x08002bcc   0x08002bcc   0x000000ac   Code   RO         4922    i.PID_calc          pid.o
    0x08002c78   0x08002c78   0x0000003c   Code   RO         4923    i.PID_init          pid.o
    0x08002cb4   0x08002cb4   0x00000028   Code   RO         4657    i.Servo_Task        servotask.o
    0x08002cdc   0x08002cdc   0x00000008   Code   RO          250    i.StartDefaultTask  freertos.o
    0x08002ce4   0x08002ce4   0x00000018   Code   RO          495    i.SysTick_Handler   stm32f4xx_it.o
    0x08002cfc   0x08002cfc   0x00000094   Code   RO           14    i.SystemClock_Config  main.o
    0x08002d90   0x08002d90   0x00000010   Code   RO         3302    i.SystemInit        system_stm32f4xx.o
    0x08002da0   0x08002da0   0x00000038   Code   RO          496    i.TIM7_IRQHandler   stm32f4xx_it.o
    0x08002dd8   0x08002dd8   0x000000c8   Code   RO         2066    i.TIM_Base_SetConfig  stm32f4xx_hal_tim.o
    0x08002ea0   0x08002ea0   0x0000001a   Code   RO         2067    i.TIM_CCxChannelCmd  stm32f4xx_hal_tim.o
    0x08002eba   0x08002eba   0x00000002   PAD
    0x08002ebc   0x08002ebc   0x00000060   Code   RO         2079    i.TIM_OC1_SetConfig  stm32f4xx_hal_tim.o
    0x08002f1c   0x08002f1c   0x0000006c   Code   RO         2080    i.TIM_OC2_SetConfig  stm32f4xx_hal_tim.o
    0x08002f88   0x08002f88   0x00000068   Code   RO         2081    i.TIM_OC3_SetConfig  stm32f4xx_hal_tim.o
    0x08002ff0   0x08002ff0   0x00000050   Code   RO         2082    i.TIM_OC4_SetConfig  stm32f4xx_hal_tim.o
    0x08003040   0x08003040   0x00000010   Code   RO         2986    i.UART_DMAAbortOnError  stm32f4xx_hal_uart.o
    0x08003050   0x08003050   0x0000004a   Code   RO         2987    i.UART_DMAError     stm32f4xx_hal_uart.o
    0x0800309a   0x0800309a   0x00000082   Code   RO         2988    i.UART_DMAReceiveCplt  stm32f4xx_hal_uart.o
    0x0800311c   0x0800311c   0x0000001a   Code   RO         2990    i.UART_DMARxHalfCplt  stm32f4xx_hal_uart.o
    0x08003136   0x08003136   0x0000004e   Code   RO         2996    i.UART_EndRxTransfer  stm32f4xx_hal_uart.o
    0x08003184   0x08003184   0x0000001c   Code   RO         2997    i.UART_EndTxTransfer  stm32f4xx_hal_uart.o
    0x080031a0   0x080031a0   0x000000c0   Code   RO         2998    i.UART_Receive_IT   stm32f4xx_hal_uart.o
    0x08003260   0x08003260   0x0000010c   Code   RO         2999    i.UART_SetConfig    stm32f4xx_hal_uart.o
    0x0800336c   0x0800336c   0x00000094   Code   RO         3000    i.UART_Start_Receive_DMA  stm32f4xx_hal_uart.o
    0x08003400   0x08003400   0x00000078   Code   RO         3002    i.UART_WaitOnFlagUntilTimeout  stm32f4xx_hal_uart.o
    0x08003478   0x08003478   0x0000000c   Code   RO          497    i.USART1_IRQHandler  stm32f4xx_it.o
    0x08003484   0x08003484   0x00000002   Code   RO          498    i.UsageFault_Handler  stm32f4xx_it.o
    0x08003486   0x08003486   0x00000002   PAD
    0x08003488   0x08003488   0x00000050   Code   RO         4948    i.Usart_Task        usart1.o
    0x080034d8   0x080034d8   0x00000020   Code   RO         1596    i.__NVIC_SetPriority  stm32f4xx_hal_cortex.o
    0x080034f8   0x080034f8   0x00000038   Code   RO           15    i.can_filter_init   main.o
    0x08003530   0x08003530   0x0000001c   Code   RO         4881    i.get_motor_measure  can_receive.o
    0x0800354c   0x0800354c   0x0000005c   Code   RO           16    i.main              main.o
    0x080035a8   0x080035a8   0x0000000c   Code   RO         4143    i.makeFreeRtosPriority  cmsis_os.o
    0x080035b4   0x080035b4   0x000000bc   Code   RO         4727    i.motor_init        motortask.o
    0x08003670   0x08003670   0x0000011c   Code   RO         4728    i.motor_task        motortask.o
    0x0800378c   0x0800378c   0x00000010   Code   RO         4145    i.osDelay           cmsis_os.o
    0x0800379c   0x0800379c   0x0000000a   Code   RO         4148    i.osKernelStart     cmsis_os.o
    0x080037a6   0x080037a6   0x0000005c   Code   RO         4182    i.osThreadCreate    cmsis_os.o
    0x08003802   0x08003802   0x00000002   PAD
    0x08003804   0x08003804   0x00000078   Code   RO         3814    i.prvAddCurrentTaskToDelayedList  tasks.o
    0x0800387c   0x0800387c   0x00000088   Code   RO         3815    i.prvAddNewTaskToReadyList  tasks.o
    0x08003904   0x08003904   0x00000040   Code   RO         3816    i.prvCheckTasksWaitingTermination  tasks.o
    0x08003944   0x08003944   0x00000040   Code   RO         3817    i.prvDeleteTCB      tasks.o
    0x08003984   0x08003984   0x00000050   Code   RO         4510    i.prvHeapInit       heap_4.o
    0x080039d4   0x080039d4   0x00000028   Code   RO         3818    i.prvIdleTask       tasks.o
    0x080039fc   0x080039fc   0x0000007e   Code   RO         3819    i.prvInitialiseNewTask  tasks.o
    0x08003a7a   0x08003a7a   0x00000002   PAD
    0x08003a7c   0x08003a7c   0x00000060   Code   RO         3820    i.prvInitialiseTaskLists  tasks.o
    0x08003adc   0x08003adc   0x0000005c   Code   RO         4511    i.prvInsertBlockIntoFreeList  heap_4.o
    0x08003b38   0x08003b38   0x00000024   Code   RO         3821    i.prvResetNextTaskUnblockTime  tasks.o
    0x08003b5c   0x08003b5c   0x00000030   Code   RO         4578    i.prvTaskExitError  port.o
    0x08003b8c   0x08003b8c   0x000000e8   Code   RO         4512    i.pvPortMalloc      heap_4.o
    0x08003c74   0x08003c74   0x0000002c   Code   RO         4579    i.pxPortInitialiseStack  port.o
    0x08003ca0   0x08003ca0   0x00000048   Code   RO         4729    i.rad_format        motortask.o
    0x08003ce8   0x08003ce8   0x00000014   Code   RO         4658    i.servo_init        servotask.o
    0x08003cfc   0x08003cfc   0x00000026   Code   RO         3440    i.uxListRemove      list.o
    0x08003d22   0x08003d22   0x00000002   PAD
    0x08003d24   0x08003d24   0x00000014   Code   RO          251    i.vApplicationGetIdleTaskMemory  freertos.o
    0x08003d38   0x08003d38   0x00000016   Code   RO         3441    i.vListInitialise   list.o
    0x08003d4e   0x08003d4e   0x00000006   Code   RO         3442    i.vListInitialiseItem  list.o
    0x08003d54   0x08003d54   0x00000036   Code   RO         3443    i.vListInsert       list.o
    0x08003d8a   0x08003d8a   0x00000018   Code   RO         3444    i.vListInsertEnd    list.o
    0x08003da2   0x08003da2   0x00000002   PAD
    0x08003da4   0x08003da4   0x00000040   Code   RO         4581    i.vPortEnterCritical  port.o
    0x08003de4   0x08003de4   0x0000002c   Code   RO         4582    i.vPortExitCritical  port.o
    0x08003e10   0x08003e10   0x00000064   Code   RO         4513    i.vPortFree         heap_4.o
    0x08003e74   0x08003e74   0x00000024   Code   RO         4583    i.vPortSetupTimerInterrupt  port.o
    0x08003e98   0x08003e98   0x00000050   Code   RO         3830    i.vTaskDelay        tasks.o
    0x08003ee8   0x08003ee8   0x00000088   Code   RO         3843    i.vTaskStartScheduler  tasks.o
    0x08003f70   0x08003f70   0x00000010   Code   RO         3845    i.vTaskSuspendAll   tasks.o
    0x08003f80   0x08003f80   0x00000060   Code   RO         3846    i.vTaskSwitchContext  tasks.o
    0x08003fe0   0x08003fe0   0x00000104   Code   RO         4585    i.xPortStartScheduler  port.o
    0x080040e4   0x080040e4   0x0000002c   Code   RO         4586    i.xPortSysTickHandler  port.o
    0x08004110   0x08004110   0x0000006c   Code   RO         3849    i.xTaskCreate       tasks.o
    0x0800417c   0x0800417c   0x00000060   Code   RO         3850    i.xTaskCreateStatic  tasks.o
    0x080041dc   0x080041dc   0x0000001c   Code   RO         3854    i.xTaskGetSchedulerState  tasks.o
    0x080041f8   0x080041f8   0x000000d4   Code   RO         3857    i.xTaskIncrementTick  tasks.o
    0x080042cc   0x080042cc   0x000000cc   Code   RO         3863    i.xTaskResumeAll    tasks.o
    0x08004398   0x08004398   0x0000000a   Code   RO         5193    x$fpl$fpinit        fz_wm.l(fpinit.o)
    0x080043a2   0x080043a2   0x00000002   PAD
    0x080043a4   0x080043a4   0x000000a8   Data   RO          253    .constdata          freertos.o
    0x0800444c   0x0800444c   0x00000008   Data   RO         1313    .constdata          stm32f4xx_hal_dma.o
    0x08004454   0x08004454   0x00000010   Data   RO         3303    .constdata          system_stm32f4xx.o
    0x08004464   0x08004464   0x00000008   Data   RO         3304    .constdata          system_stm32f4xx.o
    0x0800446c   0x0800446c   0x00000018   Data   RO         4732    .constdata          motortask.o
    0x08004484   0x08004484   0x00000042   Data   RO          254    .conststring        freertos.o
    0x080044c6   0x080044c6   0x00000002   PAD
    0x080044c8   0x080044c8   0x00000020   Data   RO         5251    Region$$Table       anon$$obj.o


    Execution Region RW_IRAM1 (Exec base: 0x20000000, Load base: 0x080044e8, Size: 0x000048d8, Max: 0x0001c000, ABSOLUTE)

    Exec Addr    Load Addr    Size         Type   Attr      Idx    E Section Name        Object

    0x20000000   0x080044e8   0x00000004   Data   RW           18    .data               main.o
    0x20000004   0x080044ec   0x00000004   Data   RW           19    .data               main.o
    0x20000008   0x080044f0   0x00000018   Data   RW          255    .data               freertos.o
    0x20000020   0x08004508   0x0000000c   Data   RW         1740    .data               stm32f4xx_hal.o
    0x2000002c   0x08004514   0x00000004   Data   RW         3305    .data               system_stm32f4xx.o
    0x20000030   0x08004518   0x0000003c   Data   RW         3866    .data               tasks.o
    0x2000006c   0x08004554   0x00000020   Data   RW         4519    .data               heap_4.o
    0x2000008c   0x08004574   0x0000000c   Data   RW         4587    .data               port.o
    0x20000098   0x08004580   0x00000008   Data   RW         4734    .data               motortask.o
    0x200000a0   0x08004588   0x00000001   Data   RW         4950    .data               usart1.o
    0x200000a1   0x08004589   0x00000003   PAD
    0x200000a4        -       0x00000012   Zero   RW           17    .bss                main.o
    0x200000b6   0x08004589   0x00000002   PAD
    0x200000b8        -       0x00000254   Zero   RW          252    .bss                freertos.o
    0x2000030c        -       0x00000028   Zero   RW          310    .bss                can.o
    0x20000334        -       0x00000090   Zero   RW          380    .bss                tim.o
    0x200003c4        -       0x000000e8   Zero   RW          443    .bss                usart.o
    0x200004ac        -       0x000000f0   Zero   RW         3865    .bss                tasks.o
    0x2000059c        -       0x00003c00   Zero   RW         4518    .bss                heap_4.o
    0x2000419c        -       0x0000000a   Zero   RW         4730    .bss                motortask.o
    0x200041a6   0x08004589   0x00000002   PAD
    0x200041a8        -       0x000000a4   Zero   RW         4731    .bss                motortask.o
    0x2000424c        -       0x00000014   Zero   RW         4949    .bss                usart1.o
    0x20004260        -       0x00000014   Zero   RW         5001    .bss                remote_control.o
    0x20004274        -       0x00000060   Zero   RW         5123    .bss                c_w.l(libspace.o)
    0x200042d4   0x08004589   0x00000004   PAD
    0x200042d8        -       0x00000200   Zero   RW            2    HEAP                startup_stm32f407xx.o
    0x200044d8        -       0x00000400   Zero   RW            1    STACK               startup_stm32f407xx.o


    Execution Region RW_IRAM2 (Exec base: 0x2001c000, Load base: 0x0800458c, Size: 0x00000000, Max: 0x00004000, ABSOLUTE)

    **** No section assigned to this execution region ****


==============================================================================

Image component sizes


      Code (inc. data)   RO Data    RW Data    ZI Data      Debug   Object Name

       188         22          0          0         40       1673   can.o
       416         38          0          0          0       3362   can_receive.o
       130          0          0          0          0      22999   cmsis_os.o
        44          4          0          0          0        762   dma.o
         0          0          0          0          0      16860   event_groups.o
       176         12        234         24        596       2910   freertos.o
       180         12          0          0          0        995   gpio.o
       504         32          0         32      15360       7535   heap_4.o
        96          8          0          0          0       1017   ledtask.o
       144          0          0          0          0       3554   list.o
       300         30          0          8         18     735609   main.o
       572         76         24          8        174     575033   motortask.o
       266         20          0          0          0       2401   pid.o
       730         82          0         12          0      11052   port.o
        84         10          0          0         20       1615   remote_control.o
        60          8          0          0          0       1398   servotask.o
        64         26        392          0       1536        836   startup_stm32f407xx.o
       144         24          0         12          0       8725   stm32f4xx_hal.o
      1658          6          0          0          0      14143   stm32f4xx_hal_can.o
       198         14          0          0          0      33911   stm32f4xx_hal_cortex.o
      1084         16          8          0          0       7294   stm32f4xx_hal_dma.o
       530         52          0          0          0       2795   stm32f4xx_hal_gpio.o
        56          4          0          0          0        854   stm32f4xx_hal_msp.o
      1348         76          0          0          0       5204   stm32f4xx_hal_rcc.o
      1694        136          0          0          0      13464   stm32f4xx_hal_tim.o
       232         28          0          0          0       3249   stm32f4xx_hal_tim_ex.o
      2022         30          0          0          0      14568   stm32f4xx_hal_uart.o
       134         32          0          0          0       5644   stm32f4xx_it.o
         0          0          0          0          0        392   stream_buffer.o
        16          4         24          4          0       1111   system_stm32f4xx.o
      1658        146          0         60        240      21186   tasks.o
       420         52          0          0        144       3503   tim.o
       376         52          0          0        232       2506   usart.o
        80         22          0          1         20       1207   usart1.o

    ----------------------------------------------------------------------
     15642       1074        716        164      18384    1529367   Object Totals
         0          0         32          0          0          0   (incl. Generated)
        38          0          2          3          4          0   (incl. Padding)

    ----------------------------------------------------------------------

      Code (inc. data)   RO Data    RW Data    ZI Data      Debug   Library Member Name

         8          0          0          0          0         68   __main.o
       104          0          0          0          0         84   __printf.o
         0          0          0          0          0          0   __rtentry.o
        12          0          0          0          0          0   __rtentry2.o
         6          0          0          0          0          0   __rtentry4.o
        52          8          0          0          0          0   __scatter.o
        26          0          0          0          0          0   __scatter_copy.o
        28          0          0          0          0          0   __scatter_zi.o
        48          6          0          0          0         96   _printf_char_common.o
         6          0          0          0          0          0   _printf_d.o
       120         16          0          0          0         92   _printf_dec.o
       178          0          0          0          0         88   _printf_intcommon.o
         0          0          0          0          0          0   _printf_percent.o
         4          0          0          0          0          0   _printf_percent_end.o
        10          0          0          0          0         68   _sputc.o
        18          0          0          0          0         80   exit.o
         6          0          0          0          0        152   heapauxi.o
         0          0          0          0          0          0   indicate_semi.o
         2          0          0          0          0          0   libinit.o
         6          0          0          0          0          0   libinit2.o
         2          0          0          0          0          0   libshutdown.o
         2          0          0          0          0          0   libshutdown2.o
         8          4          0          0         96         68   libspace.o
       238          0          0          0          0        100   lludivv7m.o
        40          6          0          0          0         84   noretval__2sprintf.o
        78          0          0          0          0         80   rt_memclr_w.o
       100          0          0          0          0         80   rt_memcpy_w.o
         2          0          0          0          0          0   rtexit.o
        10          0          0          0          0          0   rtexit2.o
        62          0          0          0          0         76   strlen.o
        12          4          0          0          0         68   sys_exit.o
        74          0          0          0          0         80   sys_stackheap_outer.o
         2          0          0          0          0         68   use_no_semi.o
        10          0          0          0          0        116   fpinit.o

    ----------------------------------------------------------------------
      1282         44          0          0        100       1548   Library Totals
         8          0          0          0          4          0   (incl. Padding)

    ----------------------------------------------------------------------

      Code (inc. data)   RO Data    RW Data    ZI Data      Debug   Library Name

      1264         44          0          0         96       1432   c_w.l
        10          0          0          0          0        116   fz_wm.l

    ----------------------------------------------------------------------
      1282         44          0          0        100       1548   Library Totals

    ----------------------------------------------------------------------

==============================================================================


      Code (inc. data)   RO Data    RW Data    ZI Data      Debug   

     16924       1118        716        164      18484    1514339   Grand Totals
     16924       1118        716        164      18484    1514339   ELF Image Totals
     16924       1118        716        164          0          0   ROM Totals

==============================================================================

    Total RO  Size (Code + RO Data)                17640 (  17.23kB)
    Total RW  Size (RW Data + ZI Data)             18648 (  18.21kB)
    Total ROM Size (Code + RO Data + RW Data)      17804 (  17.39kB)

==============================================================================

